Product: MDK-ARM Professional 5.10
Component: ARM Compiler 5.04 update 1 (build 49)
Tool: armlink [5040049]

==============================================================================

Section Cross References

    system_stm32f4xx.o(i.SystemCoreClockUpdate) refers to system_stm32f4xx.o(.data) for SystemCoreClock
    system_stm32f4xx.o(i.SystemInit) refers to system_stm32f4xx.o(i.SetSysClock) for SetSysClock
    startup_stm32f40_41xxx.o(STACK) refers (Special) to heapauxi.o(.text) for __use_two_region_memory
    startup_stm32f40_41xxx.o(HEAP) refers (Special) to heapauxi.o(.text) for __use_two_region_memory
    startup_stm32f40_41xxx.o(RESET) refers (Special) to heapauxi.o(.text) for __use_two_region_memory
    startup_stm32f40_41xxx.o(RESET) refers to startup_stm32f40_41xxx.o(STACK) for __initial_sp
    startup_stm32f40_41xxx.o(RESET) refers to startup_stm32f40_41xxx.o(.text) for Reset_Handler
    startup_stm32f40_41xxx.o(RESET) refers to stm32f4xx_it.o(i.NMI_Handler) for NMI_Handler
    startup_stm32f40_41xxx.o(RESET) refers to stm32f4xx_it.o(i.HardFault_Handler) for HardFault_Handler
    startup_stm32f40_41xxx.o(RESET) refers to stm32f4xx_it.o(i.MemManage_Handler) for MemManage_Handler
    startup_stm32f40_41xxx.o(RESET) refers to stm32f4xx_it.o(i.BusFault_Handler) for BusFault_Handler
    startup_stm32f40_41xxx.o(RESET) refers to stm32f4xx_it.o(i.UsageFault_Handler) for UsageFault_Handler
    startup_stm32f40_41xxx.o(RESET) refers to stm32f4xx_it.o(i.SVC_Handler) for SVC_Handler
    startup_stm32f40_41xxx.o(RESET) refers to stm32f4xx_it.o(i.DebugMon_Handler) for DebugMon_Handler
    startup_stm32f40_41xxx.o(RESET) refers to stm32f4xx_it.o(i.PendSV_Handler) for PendSV_Handler
    startup_stm32f40_41xxx.o(RESET) refers to stm32f4xx_it.o(i.SysTick_Handler) for SysTick_Handler
    startup_stm32f40_41xxx.o(.text) refers (Special) to heapauxi.o(.text) for __use_two_region_memory
    startup_stm32f40_41xxx.o(.text) refers to system_stm32f4xx.o(i.SystemInit) for SystemInit
    startup_stm32f40_41xxx.o(.text) refers to __main.o(!!!main) for __main
    startup_stm32f40_41xxx.o(.text) refers to startup_stm32f40_41xxx.o(HEAP) for Heap_Mem
    startup_stm32f40_41xxx.o(.text) refers to startup_stm32f40_41xxx.o(STACK) for Stack_Mem
    stm32f4xx_it.o(i.SysTick_Handler) refers to delay.o(i.TimingDelay_Decrement) for TimingDelay_Decrement
    fs.o(i.fs_close) refers to fs.o(i.fs_free) for fs_free
    fs.o(i.fs_free) refers to fs.o(.bss) for fs_memory
    fs.o(i.fs_malloc) refers to fs.o(.bss) for fs_memory
    fs.o(i.fs_open) refers to fs.o(i.fs_malloc) for fs_malloc
    fs.o(i.fs_open) refers to strcmpv7m.o(.text) for strcmp
    fs.o(i.fs_open) refers to fs.o(i.fs_free) for fs_free
    fs.o(i.fs_open) refers to fs.o(.constdata) for file__STM32F4x7LED_html
    fs.o(i.fs_read) refers to rt_memcpy_v6.o(.text) for __aeabi_memcpy
    httpd.o(i.extract_uri_parameters) refers to strchr.o(.text) for strchr
    httpd.o(i.get_tag_insert) refers to strcmpv7m.o(.text) for strcmp
    httpd.o(i.get_tag_insert) refers to strlen.o(.text) for strlen
    httpd.o(i.get_tag_insert) refers to rt_memcpy_w.o(.text) for __aeabi_memcpy4
    httpd.o(i.get_tag_insert) refers to rt_memcpy_v6.o(.text) for __aeabi_memcpy
    httpd.o(i.get_tag_insert) refers to httpd.o(.data) for g_pfnSSIHandler
    httpd.o(i.http_accept) refers to tcp.o(i.tcp_setprio) for tcp_setprio
    httpd.o(i.http_accept) refers to httpd.o(i.http_state_alloc) for http_state_alloc
    httpd.o(i.http_accept) refers to tcp.o(i.tcp_arg) for tcp_arg
    httpd.o(i.http_accept) refers to tcp.o(i.tcp_recv) for tcp_recv
    httpd.o(i.http_accept) refers to tcp.o(i.tcp_err) for tcp_err
    httpd.o(i.http_accept) refers to tcp.o(i.tcp_poll) for tcp_poll
    httpd.o(i.http_accept) refers to tcp.o(i.tcp_sent) for tcp_sent
    httpd.o(i.http_accept) refers to httpd.o(i.http_recv) for http_recv
    httpd.o(i.http_accept) refers to httpd.o(i.http_err) for http_err
    httpd.o(i.http_accept) refers to httpd.o(i.http_poll) for http_poll
    httpd.o(i.http_accept) refers to httpd.o(i.http_sent) for http_sent
    httpd.o(i.http_close_conn) refers to tcp.o(i.tcp_arg) for tcp_arg
    httpd.o(i.http_close_conn) refers to tcp.o(i.tcp_recv) for tcp_recv
    httpd.o(i.http_close_conn) refers to tcp.o(i.tcp_err) for tcp_err
    httpd.o(i.http_close_conn) refers to tcp.o(i.tcp_poll) for tcp_poll
    httpd.o(i.http_close_conn) refers to tcp.o(i.tcp_sent) for tcp_sent
    httpd.o(i.http_close_conn) refers to httpd.o(i.http_state_free) for http_state_free
    httpd.o(i.http_close_conn) refers to tcp.o(i.tcp_close) for tcp_close
    httpd.o(i.http_close_conn) refers to httpd.o(i.http_poll) for http_poll
    httpd.o(i.http_err) refers to httpd.o(i.http_state_free) for http_state_free
    httpd.o(i.http_find_file) refers to fs.o(i.fs_open) for fs_open
    httpd.o(i.http_find_file) refers to httpd.o(i.http_get_404_file) for http_get_404_file
[...]
    _initio                                   - Undefined Weak Reference
    _mutex_acquire                            - Undefined Weak Reference
    _mutex_release                            - Undefined Weak Reference
    _printf_mbtowc                            - Undefined Weak Reference
    _printf_post_padding                      - Undefined Weak Reference
    _printf_pre_padding                       - Undefined Weak Reference
    _printf_truncate_signed                   - Undefined Weak Reference
    _printf_truncate_unsigned                 - Undefined Weak Reference
    _rand_init                                - Undefined Weak Reference
    _signal_finish                            - Undefined Weak Reference
    _signal_init                              - Undefined Weak Reference
    _terminate_alloc                          - Undefined Weak Reference
    _terminate_user_alloc                     - Undefined Weak Reference
    _terminateio                              - Undefined Weak Reference
    __Vectors_Size                           0x00000188   Number         0  startup_stm32f40_41xxx.o ABSOLUTE
    __Vectors                                0x08000000   Data           4  startup_stm32f40_41xxx.o(RESET)
    __Vectors_End                            0x08000188   Data           0  startup_stm32f40_41xxx.o(RESET)
    __main                                   0x08000189   Thumb Code     8  __main.o(!!!main)
    __scatterload                            0x08000191   Thumb Code     0  __scatter.o(!!!scatter)
    __scatterload_rt2                        0x08000191   Thumb Code    44  __scatter.o(!!!scatter)
    __scatterload_rt2_thumb_only             0x08000191   Thumb Code     0  __scatter.o(!!!scatter)
    __scatterload_null                       0x0800019f   Thumb Code     0  __scatter.o(!!!scatter)
    __decompress                             0x080001c5   Thumb Code    90  __dczerorl2.o(!!dczerorl2)
    __decompress1                            0x080001c5   Thumb Code     0  __dczerorl2.o(!!dczerorl2)
    __scatterload_zeroinit                   0x08000221   Thumb Code    28  __scatter_zi.o(!!handler_zi)
    _printf_d                                0x0800023d   Thumb Code     0  _printf_d.o(.ARM.Collect$$_printf_percent$$00000009)
    _printf_percent                          0x0800023d   Thumb Code     0  _printf_percent.o(.ARM.Collect$$_printf_percent$$00000000)
    _printf_s                                0x08000243   Thumb Code     0  _printf_s.o(.ARM.Collect$$_printf_percent$$00000014)
    _printf_percent_end                      0x08000249   Thumb Code     0  _printf_percent_end.o(.ARM.Collect$$_printf_percent$$00000017)
    __rt_lib_init                            0x0800024d   Thumb Code     0  libinit.o(.ARM.Collect$$libinit$$00000000)
    __rt_lib_init_fp_1                       0x0800024f   Thumb Code     0  libinit2.o(.ARM.Collect$$libinit$$00000001)
    __rt_lib_init_alloca_1                   0x08000253   Thumb Code     0  libinit2.o(.ARM.Collect$$libinit$$0000002C)
    __rt_lib_init_argv_1                     0x08000253   Thumb Code     0  libinit2.o(.ARM.Collect$$libinit$$0000002A)
    __rt_lib_init_atexit_1                   0x08000253   Thumb Code     0  libinit2.o(.ARM.Collect$$libinit$$00000019)
    __rt_lib_init_clock_1                    0x08000253   Thumb Code     0  libinit2.o(.ARM.Collect$$libinit$$0000001F)
    __rt_lib_init_cpp_1                      0x08000253   Thumb Code     0  libinit2.o(.ARM.Collect$$libinit$$00000030)
    __rt_lib_init_exceptions_1               0x08000253   Thumb Code     0  libinit2.o(.ARM.Collect$$libinit$$0000002E)
    __rt_lib_init_fp_trap_1                  0x08000253   Thumb Code     0  libinit2.o(.ARM.Collect$$libinit$$0000001D)
    __rt_lib_init_getenv_1                   0x08000253   Thumb Code     0  libinit2.o(.ARM.Collect$$libinit$$00000021)
    __rt_lib_init_heap_1                     0x08000253   Thumb Code     0  libinit2.o(.ARM.Collect$$libinit$$00000008)
    __rt_lib_init_lc_collate_1               0x08000253   Thumb Code     0  libinit2.o(.ARM.Collect$$libinit$$0000000F)
    __rt_lib_init_lc_ctype_1                 0x08000253   Thumb Code     0  libinit2.o(.ARM.Collect$$libinit$$00000011)
    __rt_lib_init_lc_monetary_1              0x08000253   Thumb Code     0  libinit2.o(.ARM.Collect$$libinit$$00000013)
    __rt_lib_init_lc_numeric_1               0x08000253   Thumb Code     0  libinit2.o(.ARM.Collect$$libinit$$00000015)
    __rt_lib_init_lc_time_1                  0x08000253   Thumb Code     0  libinit2.o(.ARM.Collect$$libinit$$00000017)
    __rt_lib_init_rand_1                     0x08000253   Thumb Code     0  libinit2.o(.ARM.Collect$$libinit$$0000000C)
    __rt_lib_init_return                     0x08000253   Thumb Code     0  libinit2.o(.ARM.Collect$$libinit$$00000031)
    __rt_lib_init_signal_1                   0x08000253   Thumb Code     0  libinit2.o(.ARM.Collect$$libinit$$0000001B)
    __rt_lib_init_stdio_1                    0x08000253   Thumb Code     0  libinit2.o(.ARM.Collect$$libinit$$00000023)
    __rt_lib_init_user_alloc_1               0x08000253   Thumb Code     0  libinit2.o(.ARM.Collect$$libinit$$0000000A)
    __rt_lib_shutdown                        0x08000255   Thumb Code     0  libshutdown.o(.ARM.Collect$$libshutdown$$00000000)
    __rt_lib_shutdown_fp_trap_1              0x08000257   Thumb Code     0  libshutdown2.o(.ARM.Collect$$libshutdown$$00000006)
    __rt_lib_shutdown_heap_1                 0x08000257   Thumb Code     0  libshutdown2.o(.ARM.Collect$$libshutdown$$0000000E)
    __rt_lib_shutdown_return                 0x08000257   Thumb Code     0  libshutdown2.o(.ARM.Collect$$libshutdown$$0000000F)
    __rt_lib_shutdown_signal_1               0x08000257   Thumb Code     0  libshutdown2.o(.ARM.Collect$$libshutdown$$00000009)
    __rt_lib_shutdown_stdio_1                0x08000257   Thumb Code     0  libshutdown2.o(.ARM.Collect$$libshutdown$$00000003)
    __rt_lib_shutdown_user_alloc_1           0x08000257   Thumb Code     0  libshutdown2.o(.ARM.Collect$$libshutdown$$0000000B)
    __rt_entry                               0x08000259   Thumb Code     0  rtentry.o(.ARM.Collect$$rtentry$$00000000)
    __rt_entry_presh_1                       0x08000259   Thumb Code     0  rtentry2.o(.ARM.Collect$$rtentry$$00000002)
    __rt_entry_sh                            0x08000259   Thumb Code     0  rtentry4.o(.ARM.Collect$$rtentry$$00000004)
    __rt_entry_li                            0x0800025f   Thumb Code     0  rtentry2.o(.ARM.Collect$$rtentry$$0000000A)
    __rt_entry_postsh_1                      0x0800025f   Thumb Code     0  rtentry2.o(.ARM.Collect$$rtentry$$00000009)
    __rt_entry_main                          0x08000263   Thumb Code     0  rtentry2.o(.ARM.Collect$$rtentry$$0000000D)
    __rt_entry_postli_1                      0x08000263   Thumb Code     0  rtentry2.o(.ARM.Collect$$rtentry$$0000000C)
    __rt_exit                                0x0800026b   Thumb Code     0  rtexit.o(.ARM.Collect$$rtexit$$00000000)
    __rt_exit_ls                             0x0800026d   Thumb Code     0  rtexit2.o(.ARM.Collect$$rtexit$$00000003)
    __rt_exit_prels_1                        0x0800026d   Thumb Code     0  rtexit2.o(.ARM.Collect$$rtexit$$00000002)
    __rt_exit_exit                           0x08000271   Thumb Code     0  rtexit2.o(.ARM.Collect$$rtexit$$00000004)
    Reset_Handler                            0x08000279   Thumb Code     8  startup_stm32f40_41xxx.o(.text)
    ADC_IRQHandler                           0x08000293   Thumb Code     0  startup_stm32f40_41xxx.o(.text)
    CAN1_RX0_IRQHandler                      0x08000293   Thumb Code     0  startup_stm32f40_41xxx.o(.text)
    CAN1_RX1_IRQHandler                      0x08000293   Thumb Code     0  startup_stm32f40_41xxx.o(.text)
    CAN1_SCE_IRQHandler                      0x08000293   Thumb Code     0  startup_stm32f40_41xxx.o(.text)
    CAN1_TX_IRQHandler                       0x08000293   Thumb Code     0  startup_stm32f40_41xxx.o(.text)
    CAN2_RX0_IRQHandler                      0x08000293   Thumb Code     0  startup_stm32f40_41xxx.o(.text)
    CAN2_RX1_IRQHandler                      0x08000293   Thumb Code     0  startup_stm32f40_41xxx.o(.text)
    CAN2_SCE_IRQHandler                      0x08000293   Thumb Code     0  startup_stm32f40_41xxx.o(.text)
    CAN2_TX_IRQHandler                       0x08000293   Thumb Code     0  startup_stm32f40_41xxx.o(.text)
    CRYP_IRQHandler                          0x08000293   Thumb Code     0  startup_stm32f40_41xxx.o(.text)
    DCMI_IRQHandler                          0x08000293   Thumb Code     0  startup_stm32f40_41xxx.o(.text)
    DMA1_Stream0_IRQHandler                  0x08000293   Thumb Code     0  startup_stm32f40_41xxx.o(.text)
    DMA1_Stream1_IRQHandler                  0x08000293   Thumb Code     0  startup_stm32f40_41xxx.o(.text)
    DMA1_Stream2_IRQHandler                  0x08000293   Thumb Code     0  startup_stm32f40_41xxx.o(.text)
    DMA1_Stream3_IRQHandler                  0x08000293   Thumb Code     0  startup_stm32f40_41xxx.o(.text)
    DMA1_Stream4_IRQHandler                  0x08000293   Thumb Code     0  startup_stm32f40_41xxx.o(.text)
    DMA1_Stream5_IRQHandler                  0x08000293   Thumb Code     0  startup_stm32f40_41xxx.o(.text)
    DMA1_Stream6_IRQHandler                  0x08000293   Thumb Code     0  startup_stm32f40_41xxx.o(.text)
    DMA1_Stream7_IRQHandler                  0x08000293   Thumb Code     0  startup_stm32f40_41xxx.o(.text)
    DMA2_Stream0_IRQHandler                  0x08000293   Thumb Code     0  startup_stm32f40_41xxx.o(.text)
    DMA2_Stream1_IRQHandler                  0x08000293   Thumb Code     0  startup_stm32f40_41xxx.o(.text)
    DMA2_Stream2_IRQHandler                  0x08000293   Thumb Code     0  startup_stm32f40_41xxx.o(.text)
    DMA2_Stream3_IRQHandler                  0x08000293   Thumb Code     0  startup_stm32f40_41xxx.o(.text)
    DMA2_Stream4_IRQHandler                  0x08000293   Thumb Code     0  startup_stm32f40_41xxx.o(.text)
    DMA2_Stream5_IRQHandler                  0x08000293   Thumb Code     0  startup_stm32f40_41xxx.o(.text)
    DMA2_Stream6_IRQHandler                  0x08000293   Thumb Code     0  startup_stm32f40_41xxx.o(.text)
    DMA2_Stream7_IRQHandler                  0x08000293   Thumb Code     0  startup_stm32f40_41xxx.o(.text)
    ETH_IRQHandler                           0x08000293   Thumb Code     0  startup_stm32f40_41xxx.o(.text)
    ETH_WKUP_IRQHandler                      0x08000293   Thumb Code     0  startup_stm32f40_41xxx.o(.text)
    EXTI0_IRQHandler                         0x08000293   Thumb Code     0  startup_stm32f40_41xxx.o(.text)
    EXTI15_10_IRQHandler                     0x08000293   Thumb Code     0  startup_stm32f40_41xxx.o(.text)
    EXTI1_IRQHandler                         0x08000293   Thumb Code     0  startup_stm32f40_41xxx.o(.text)
    EXTI2_IRQHandler                         0x08000293   Thumb Code     0  startup_stm32f40_41xxx.o(.text)
    EXTI3_IRQHandler                         0x08000293   Thumb Code     0  startup_stm32f40_41xxx.o(.text)
    EXTI4_IRQHandler                         0x08000293   Thumb Code     0  startup_stm32f40_41xxx.o(.text)
    EXTI9_5_IRQHandler                       0x08000293   Thumb Code     0  startup_stm32f40_41xxx.o(.text)
    FLASH_IRQHandler                         0x08000293   Thumb Code     0  startup_stm32f40_41xxx.o(.text)
    FPU_IRQHandler                           0x08000293   Thumb Code     0  startup_stm32f40_41xxx.o(.text)
    FSMC_IRQHandler                          0x08000293   Thumb Code     0  startup_stm32f40_41xxx.o(.text)
    HASH_RNG_IRQHandler                      0x08000293   Thumb Code     0  startup_stm32f40_41xxx.o(.text)
    I2C1_ER_IRQHandler                       0x08000293   Thumb Code     0  startup_stm32f40_41xxx.o(.text)
    I2C1_EV_IRQHandler                       0x08000293   Thumb Code     0  startup_stm32f40_41xxx.o(.text)
    I2C2_ER_IRQHandler                       0x08000293   Thumb Code     0  startup_stm32f40_41xxx.o(.text)
    I2C2_EV_IRQHandler                       0x08000293   Thumb Code     0  startup_stm32f40_41xxx.o(.text)
    I2C3_ER_IRQHandler                       0x08000293   Thumb Code     0  startup_stm32f40_41xxx.o(.text)
    I2C3_EV_IRQHandler                       0x08000293   Thumb Code     0  startup_stm32f40_41xxx.o(.text)
    OTG_FS_IRQHandler                        0x08000293   Thumb Code     0  startup_stm32f40_41xxx.o(.text)
    OTG_FS_WKUP_IRQHandler                   0x08000293   Thumb Code     0  startup_stm32f40_41xxx.o(.text)
    OTG_HS_EP1_IN_IRQHandler                 0x08000293   Thumb Code     0  startup_stm32f40_41xxx.o(.text)
    OTG_HS_EP1_OUT_IRQHandler                0x08000293   Thumb Code     0  startup_stm32f40_41xxx.o(.text)
    OTG_HS_IRQHandler                        0x08000293   Thumb Code     0  startup_stm32f40_41xxx.o(.text)
    OTG_HS_WKUP_IRQHandler                   0x08000293   Thumb Code     0  startup_stm32f40_41xxx.o(.text)
    PVD_IRQHandler                           0x08000293   Thumb Code     0  startup_stm32f40_41xxx.o(.text)
    RCC_IRQHandler                           0x08000293   Thumb Code     0  startup_stm32f40_41xxx.o(.text)
    RTC_Alarm_IRQHandler                     0x08000293   Thumb Code     0  startup_stm32f40_41xxx.o(.text)
    RTC_WKUP_IRQHandler                      0x08000293   Thumb Code     0  startup_stm32f40_41xxx.o(.text)
    SDIO_IRQHandler                          0x08000293   Thumb Code     0  startup_stm32f40_41xxx.o(.text)
    SPI1_IRQHandler                          0x08000293   Thumb Code     0  startup_stm32f40_41xxx.o(.text)
    SPI2_IRQHandler                          0x08000293   Thumb Code     0  startup_stm32f40_41xxx.o(.text)
    SPI3_IRQHandler                          0x08000293   Thumb Code     0  startup_stm32f40_41xxx.o(.text)
    TAMP_STAMP_IRQHandler                    0x08000293   Thumb Code     0  startup_stm32f40_41xxx.o(.text)
    TIM1_BRK_TIM9_IRQHandler                 0x08000293   Thumb Code     0  startup_stm32f40_41xxx.o(.text)
    TIM1_CC_IRQHandler                       0x08000293   Thumb Code     0  startup_stm32f40_41xxx.o(.text)
    TIM1_TRG_COM_TIM11_IRQHandler            0x08000293   Thumb Code     0  startup_stm32f40_41xxx.o(.text)
    TIM1_UP_TIM10_IRQHandler                 0x08000293   Thumb Code     0  startup_stm32f40_41xxx.o(.text)
    TIM2_IRQHandler                          0x08000293   Thumb Code     0  startup_stm32f40_41xxx.o(.text)
    TIM3_IRQHandler                          0x08000293   Thumb Code     0  startup_stm32f40_41xxx.o(.text)
    TIM4_IRQHandler                          0x08000293   Thumb Code     0  startup_stm32f40_41xxx.o(.text)
    TIM5_IRQHandler                          0x08000293   Thumb Code     0  startup_stm32f40_41xxx.o(.text)
    TIM6_DAC_IRQHandler                      0x08000293   Thumb Code     0  startup_stm32f40_41xxx.o(.text)
    TIM7_IRQHandler                          0x08000293   Thumb Code     0  startup_stm32f40_41xxx.o(.text)
    TIM8_BRK_TIM12_IRQHandler                0x08000293   Thumb Code     0  startup_stm32f40_41xxx.o(.text)
    TIM8_CC_IRQHandler                       0x08000293   Thumb Code     0  startup_stm32f40_41xxx.o(.text)
    TIM8_TRG_COM_TIM14_IRQHandler            0x08000293   Thumb Code     0  startup_stm32f40_41xxx.o(.text)
    TIM8_UP_TIM13_IRQHandler                 0x08000293   Thumb Code     0  startup_stm32f40_41xxx.o(.text)
    UART4_IRQHandler                         0x08000293   Thumb Code     0  startup_stm32f40_41xxx.o(.text)
    UART5_IRQHandler                         0x08000293   Thumb Code     0  startup_stm32f40_41xxx.o(.text)
    USART1_IRQHandler                        0x08000293   Thumb Code     0  startup_stm32f40_41xxx.o(.text)
    USART2_IRQHandler                        0x08000293   Thumb Code     0  startup_stm32f40_41xxx.o(.text)
    USART3_IRQHandler                        0x08000293   Thumb Code     0  startup_stm32f40_41xxx.o(.text)
    USART6_IRQHandler                        0x08000293   Thumb Code     0  startup_stm32f40_41xxx.o(.text)
    WWDG_IRQHandler                          0x08000293   Thumb Code     0  startup_stm32f40_41xxx.o(.text)
    __user_initial_stackheap                 0x08000295   Thumb Code     0  startup_stm32f40_41xxx.o(.text)
    __use_no_semihosting                     0x080002b9   Thumb Code     2  use_no_semi_2.o(.text)
    __2printf                                0x080002bd   Thumb Code    20  noretval__2printf.o(.text)
    __2sprintf                               0x080002d5   Thumb Code    34  noretval__2sprintf.o(.text)
    __printf                                 0x080002fd   Thumb Code   104  __printf.o(.text)
    _printf_str                              0x08000365   Thumb Code    82  _printf_str.o(.text)
    _printf_int_dec                          0x080003b9   Thumb Code   100  _printf_dec.o(.text)
    strchr                                   0x0800042d   Thumb Code    20  strchr.o(.text)
    strstr                                   0x08000441   Thumb Code    36  strstr.o(.text)
    memcmp                                   0x08000465   Thumb Code    88  memcmp.o(.text)
    strlen                                   0x080004bd   Thumb Code    62  strlen.o(.text)
    strncmp                                  0x080004fb   Thumb Code   150  strncmp.o(.text)
    __aeabi_memcpy                           0x08000591   Thumb Code     0  rt_memcpy_v6.o(.text)
    __rt_memcpy                              0x08000591   Thumb Code   138  rt_memcpy_v6.o(.text)
    _memcpy_lastbytes                        0x080005f7   Thumb Code     0  rt_memcpy_v6.o(.text)
    __aeabi_memcpy4                          0x0800061b   Thumb Code     0  rt_memcpy_w.o(.text)
    __aeabi_memcpy8                          0x0800061b   Thumb Code     0  rt_memcpy_w.o(.text)
    __rt_memcpy_w                            0x0800061b   Thumb Code   100  rt_memcpy_w.o(.text)
    _memcpy_lastbytes_aligned                0x08000663   Thumb Code     0  rt_memcpy_w.o(.text)
    __aeabi_memclr4                          0x0800067f   Thumb Code     0  rt_memclr_w.o(.text)
    __aeabi_memclr8                          0x0800067f   Thumb Code     0  rt_memclr_w.o(.text)
    __rt_memclr_w                            0x0800067f   Thumb Code    78  rt_memclr_w.o(.text)
    _memset_w                                0x08000683   Thumb Code     0  rt_memclr_w.o(.text)
    strcmp                                   0x080006cd   Thumb Code   128  strcmpv7m.o(.text)
    __use_two_region_memory                  0x0800074d   Thumb Code     2  heapauxi.o(.text)
    __rt_heap_escrow$2region                 0x0800074f   Thumb Code     2  heapauxi.o(.text)
    __rt_heap_expand$2region                 0x08000751   Thumb Code     2  heapauxi.o(.text)
    __I$use$semihosting                      0x08000753   Thumb Code     0  use_no_semi.o(.text)
    __use_no_semihosting_swi                 0x08000753   Thumb Code     2  use_no_semi.o(.text)
    _printf_int_common                       0x08000755   Thumb Code   178  _printf_intcommon.o(.text)
    _printf_char_common                      0x08000813   Thumb Code    32  _printf_char_common.o(.text)
    _sputc                                   0x08000839   Thumb Code    10  _sputc.o(.text)
    _printf_cs_common                        0x08000843   Thumb Code    20  _printf_char.o(.text)
    _printf_char                             0x08000857   Thumb Code    16  _printf_char.o(.text)
    _printf_string                           0x08000867   Thumb Code     8  _printf_char.o(.text)
    _printf_char_file                        0x08000871   Thumb Code    32  _printf_char_file.o(.text)
    ferror                                   0x08000895   Thumb Code     8  ferror.o(.text)
    __user_setup_stackheap                   0x0800089d   Thumb Code    74  sys_stackheap_outer.o(.text)
    exit                                     0x080008e7   Thumb Code    12  exit.o(.text)
    __user_libspace                          0x080008f5   Thumb Code     8  libspace.o(.text)
    __user_perproc_libspace                  0x080008f5   Thumb Code     0  libspace.o(.text)
    __user_perthread_libspace                0x080008f5   Thumb Code     0  libspace.o(.text)
    ADC_Cmd                                  0x080008fd   Thumb Code    22  stm32f4xx_adc.o(i.ADC_Cmd)
    ADC_CommonInit                           0x08000915   Thumb Code    34  stm32f4xx_adc.o(i.ADC_CommonInit)
    ADC_GetConversionValue                   0x080009cd   Thumb Code     8  stm32f4xx_adc.o(i.ADC_GetConversionValue)
    ADC_Handler                              0x080009d5   Thumb Code   206  httpd_cgi_ssi.o(i.ADC_Handler)
    ADC_Init                                 0x08000ab5   Thumb Code    74  stm32f4xx_adc.o(i.ADC_Init)
    ADC_RegularChannelConfig                 0x08000b09   Thumb Code   184  stm32f4xx_adc.o(i.ADC_RegularChannelConfig)
    ADC_SoftwareStartConv                    0x08000bc1   Thumb Code    10  stm32f4xx_adc.o(i.ADC_SoftwareStartConv)
    ADC_StructInit                           0x08000bcb   Thumb Code    20  stm32f4xx_adc.o(i.ADC_StructInit)
    BusFault_Handler                         0x08000bdf   Thumb Code     4  stm32f4xx_it.o(i.BusFault_Handler)
    COM1Init                                 0x08000be5   Thumb Code   134  usart.o(i.COM1Init)
    DebugMon_Handler                         0x08000c75   Thumb Code     2  stm32f4xx_it.o(i.DebugMon_Handler)
    ETH_BSP_Config                           0x08000c79   Thumb Code   340  stm32f4x7_eth_bsp.o(i.ETH_BSP_Config)
    ETH_CheckFrameReceived                   0x08000e31   Thumb Code   190  stm32f4x7_eth.o(i.ETH_CheckFrameReceived)
    ETH_DMAReceptionCmd                      0x08000ef9   Thumb Code    30  stm32f4x7_eth.o(i.ETH_DMAReceptionCmd)
    ETH_DMARxDescChainInit                   0x08000f1d   Thumb Code    82  stm32f4x7_eth.o(i.ETH_DMARxDescChainInit)
    ETH_DMATransmissionCmd                   0x08000f81   Thumb Code    30  stm32f4x7_eth.o(i.ETH_DMATransmissionCmd)
    ETH_DMATxDescChainInit                   0x08000fa5   Thumb Code    70  stm32f4x7_eth.o(i.ETH_DMATxDescChainInit)
    ETH_DMATxDescChecksumInsertionConfig     0x08000ff5   Thumb Code     8  stm32f4x7_eth.o(i.ETH_DMATxDescChecksumInsertionConfig)
    ETH_DeInit                               0x08000ffd   Thumb Code    22  stm32f4x7_eth.o(i.ETH_DeInit)
    ETH_FlushTransmitFIFO                    0x08001031   Thumb Code    14  stm32f4x7_eth.o(i.ETH_FlushTransmitFIFO)
    ETH_GetSoftwareResetStatus               0x08001169   Thumb Code    20  stm32f4x7_eth.o(i.ETH_GetSoftwareResetStatus)
    ETH_Get_Received_Frame                   0x08001181   Thumb Code    82  stm32f4x7_eth.o(i.ETH_Get_Received_Frame)
    ETH_Init                                 0x080011dd   Thumb Code   620  stm32f4x7_eth.o(i.ETH_Init)
    ETH_MACAddressConfig                     0x08001475   Thumb Code    46  stm32f4x7_eth.o(i.ETH_MACAddressConfig)
    ETH_MACReceptionCmd                      0x08001531   Thumb Code    30  stm32f4x7_eth.o(i.ETH_MACReceptionCmd)
    ETH_MACTransmissionCmd                   0x08001555   Thumb Code    30  stm32f4x7_eth.o(i.ETH_MACTransmissionCmd)
    ETH_Prepare_Transmit_Descriptors         0x08001579   Thumb Code   222  stm32f4x7_eth.o(i.ETH_Prepare_Transmit_Descriptors)
    ETH_ReadPHYRegister                      0x08001661   Thumb Code    98  stm32f4x7_eth.o(i.ETH_ReadPHYRegister)
    ETH_SoftwareReset                        0x080016cd   Thumb Code    14  stm32f4x7_eth.o(i.ETH_SoftwareReset)
    ETH_Start                                0x080016e1   Thumb Code    32  stm32f4x7_eth.o(i.ETH_Start)
    ETH_StructInit                           0x08001701   Thumb Code   178  stm32f4x7_eth.o(i.ETH_StructInit)
    ETH_WritePHYRegister                     0x080017b5   Thumb Code    96  stm32f4x7_eth.o(i.ETH_WritePHYRegister)
    GPIO_Init                                0x0800181d   Thumb Code   144  stm32f4xx_gpio.o(i.GPIO_Init)
    GPIO_PinAFConfig                         0x080018ad   Thumb Code    70  stm32f4xx_gpio.o(i.GPIO_PinAFConfig)
    GPIO_ResetBits                           0x080018f3   Thumb Code     4  stm32f4xx_gpio.o(i.GPIO_ResetBits)
    GPIO_SetBits                             0x080018f7   Thumb Code     4  stm32f4xx_gpio.o(i.GPIO_SetBits)
    HardFault_Handler                        0x080018fb   Thumb Code     4  stm32f4xx_it.o(i.HardFault_Handler)
    LEDS_CGI_Handler                         0x08001901   Thumb Code    42  httpd_cgi_ssi.o(i.LEDS_CGI_Handler)
    LwIP_DHCP_Process_Handle                 0x08001945   Thumb Code   282  netconf.o(i.LwIP_DHCP_Process_Handle)
    LwIP_Init                                0x08001b09   Thumb Code    60  netconf.o(i.LwIP_Init)
    LwIP_Periodic_Handle                     0x08001b51   Thumb Code   122  netconf.o(i.LwIP_Periodic_Handle)
    LwIP_Pkt_Handle                          0x08001be1   Thumb Code    10  netconf.o(i.LwIP_Pkt_Handle)
    MemManage_Handler                        0x08001bf1   Thumb Code     4  stm32f4xx_it.o(i.MemManage_Handler)
    NMI_Handler                              0x08001bf5   Thumb Code     2  stm32f4xx_it.o(i.NMI_Handler)
    PendSV_Handler                           0x08001bf7   Thumb Code     2  stm32f4xx_it.o(i.PendSV_Handler)
    RCC_AHB1PeriphClockCmd                   0x08001bf9   Thumb Code    26  stm32f4xx_rcc.o(i.RCC_AHB1PeriphClockCmd)
    RCC_AHB1PeriphResetCmd                   0x08001c19   Thumb Code    26  stm32f4xx_rcc.o(i.RCC_AHB1PeriphResetCmd)
    RCC_APB2PeriphClockCmd                   0x08001c39   Thumb Code    26  stm32f4xx_rcc.o(i.RCC_APB2PeriphClockCmd)
    RCC_GetClocksFreq                        0x08001c59   Thumb Code   214  stm32f4xx_rcc.o(i.RCC_GetClocksFreq)
    RCC_MCO1Config                           0x08001d41   Thumb Code    24  stm32f4xx_rcc.o(i.RCC_MCO1Config)
    SVC_Handler                              0x08001d5d   Thumb Code     2  stm32f4xx_it.o(i.SVC_Handler)
    SYSCFG_ETH_MediaInterfaceConfig          0x08001d61   Thumb Code     6  stm32f4xx_syscfg.o(i.SYSCFG_ETH_MediaInterfaceConfig)
    SysTick_CLKSourceConfig                  0x08001e59   Thumb Code    40  misc.o(i.SysTick_CLKSourceConfig)
    SysTick_Handler                          0x08001e81   Thumb Code     8  stm32f4xx_it.o(i.SysTick_Handler)
    SystemInit                               0x08001e89   Thumb Code    88  system_stm32f4xx.o(i.SystemInit)
    TimingDelay_Decrement                    0x08001ef1   Thumb Code    18  delay.o(i.TimingDelay_Decrement)
    USART_ClearFlag                          0x08001f09   Thumb Code    18  stm32f4xx_usart.o(i.USART_ClearFlag)
    USART_Cmd                                0x08001f1b   Thumb Code    24  stm32f4xx_usart.o(i.USART_Cmd)
    USART_GetFlagStatus                      0x08001f33   Thumb Code    26  stm32f4xx_usart.o(i.USART_GetFlagStatus)
    USART_Init                               0x08001f4d   Thumb Code   204  stm32f4xx_usart.o(i.USART_Init)
    USART_SendData                           0x08002021   Thumb Code     8  stm32f4xx_usart.o(i.USART_SendData)
    UsageFault_Handler                       0x08002029   Thumb Code     4  stm32f4xx_it.o(i.UsageFault_Handler)
    _sys_exit                                0x0800202d   Thumb Code     6  usart.o(i._sys_exit)
    autoip_arp_reply                         0x08002061   Thumb Code   176  autoip.o(i.autoip_arp_reply)
    autoip_start                             0x080021a3   Thumb Code    96  autoip.o(i.autoip_start)
    dhcp_arp_reply                           0x08002253   Thumb Code    46  dhcp.o(i.dhcp_arp_reply)
    dhcp_coarse_tmr                          0x080023b5   Thumb Code    62  dhcp.o(i.dhcp_coarse_tmr)
    dhcp_fine_tmr                            0x080026c9   Thumb Code    64  dhcp.o(i.dhcp_fine_tmr)
    dhcp_release                             0x08002cad   Thumb Code   180  dhcp.o(i.dhcp_release)
    dhcp_renew                               0x08002d65   Thumb Code   148  dhcp.o(i.dhcp_renew)
    dhcp_start                               0x08002f0d   Thumb Code   188  dhcp.o(i.dhcp_start)
    dhcp_stop                                0x08002fd1   Thumb Code    60  dhcp.o(i.dhcp_stop)
    etharp_arp_input                         0x08003179   Thumb Code   340  etharp.o(i.etharp_arp_input)
    etharp_ip_input                          0x080032d1   Thumb Code    60  etharp.o(i.etharp_ip_input)
    etharp_output                            0x0800330d   Thumb Code   190  etharp.o(i.etharp_output)
    etharp_query                             0x080033d1   Thumb Code   386  etharp.o(i.etharp_query)
    etharp_raw                               0x08003559   Thumb Code   212  etharp.o(i.etharp_raw)
    etharp_request                           0x08003631   Thumb Code    36  etharp.o(i.etharp_request)
    etharp_tmr                               0x080036a1   Thumb Code   154  etharp.o(i.etharp_tmr)
    ethernet_input                           0x08003741   Thumb Code   108  etharp.o(i.ethernet_input)
    ethernetif_init                          0x080037ad   Thumb Code    38  ethernetif.o(i.ethernetif_init)
    ethernetif_input                         0x080037dd   Thumb Code    44  ethernetif.o(i.ethernetif_input)
    fputc                                    0x08003a75   Thumb Code    32  usart.o(i.fputc)
    fs_bytes_left                            0x08003ac3   Thumb Code    10  fs.o(i.fs_bytes_left)
    fs_close                                 0x08003acd   Thumb Code    12  fs.o(i.fs_close)
    fs_open                                  0x08003b49   Thumb Code    70  fs.o(i.fs_open)
    fs_read                                  0x08003b95   Thumb Code    62  fs.o(i.fs_read)
    htonl                                    0x08003cb1   Thumb Code    26  inet.o(i.htonl)
    htons                                    0x08003ccb   Thumb Code    12  inet.o(i.htons)
    http_set_cgi_handlers                    0x08004715   Thumb Code    18  httpd.o(i.http_set_cgi_handlers)
    http_set_ssi_handler                     0x08004731   Thumb Code    26  httpd.o(i.http_set_ssi_handler)
    httpd_cgi_init                           0x080047f1   Thumb Code    20  httpd_cgi_ssi.o(i.httpd_cgi_init)
    httpd_init                               0x0800480d   Thumb Code    18  httpd.o(i.httpd_init)
    httpd_ssi_init                           0x08004871   Thumb Code    16  httpd_cgi_ssi.o(i.httpd_ssi_init)
    icmp_dest_unreach                        0x08004889   Thumb Code    18  icmp.o(i.icmp_dest_unreach)
    icmp_input                               0x0800489b   Thumb Code   368  icmp.o(i.icmp_input)
    icmp_time_exceeded                       0x08004a77   Thumb Code    18  icmp.o(i.icmp_time_exceeded)
    inet_chksum                              0x08004a89   Thumb Code    20  inet_chksum.o(i.inet_chksum)
    inet_chksum_pbuf                         0x08004a9d   Thumb Code    86  inet_chksum.o(i.inet_chksum_pbuf)
    init_delay                               0x08004af5   Thumb Code    88  delay.o(i.init_delay)
    ip_addr_isbroadcast                      0x08004b5d   Thumb Code    78  ip_addr.o(i.ip_addr_isbroadcast)
    ip_frag                                  0x08004bad   Thumb Code   326  ip_frag.o(i.ip_frag)
    ip_input                                 0x08004cf9   Thumb Code   446  ip.o(i.ip_input)
    ip_output                                0x08004ec5   Thumb Code    52  ip.o(i.ip_output)
    ip_output_if                             0x08004ef9   Thumb Code   246  ip.o(i.ip_output_if)
    ip_reass                                 0x08004ff5   Thumb Code   400  ip_frag.o(i.ip_reass)
    ip_route                                 0x08005479   Thumb Code    70  ip.o(i.ip_route)
    main                                     0x08005679   Thumb Code    46  main.o(i.main)
    mem_free                                 0x080056ad   Thumb Code    68  mem.o(i.mem_free)
    mem_init                                 0x080056fd   Thumb Code    80  mem.o(i.mem_init)
    mem_malloc                               0x08005761   Thumb Code   228  mem.o(i.mem_malloc)
    mem_realloc                              0x08005851   Thumb Code   288  mem.o(i.mem_realloc)
    memp_free                                0x0800597d   Thumb Code    28  memp.o(i.memp_free)
    memp_init                                0x0800599d   Thumb Code    82  memp.o(i.memp_init)
    memp_malloc                              0x08005a01   Thumb Code    40  memp.o(i.memp_malloc)
    netif_add                                0x08005a2d   Thumb Code   100  netif.o(i.netif_add)
    netif_is_up                              0x08005a99   Thumb Code    12  netif.o(i.netif_is_up)
    netif_set_addr                           0x08005aa5   Thumb Code    40  netif.o(i.netif_set_addr)
    netif_set_default                        0x08005acd   Thumb Code     6  netif.o(i.netif_set_default)
    netif_set_down                           0x08005ad9   Thumb Code    24  netif.o(i.netif_set_down)
    netif_set_gw                             0x08005af1   Thumb Code    12  netif.o(i.netif_set_gw)
    netif_set_ipaddr                         0x08005afd   Thumb Code   110  netif.o(i.netif_set_ipaddr)
    netif_set_netmask                        0x08005b75   Thumb Code    12  netif.o(i.netif_set_netmask)
    netif_set_up                             0x08005b81   Thumb Code    44  netif.o(i.netif_set_up)
    ntohl                                    0x08005bad   Thumb Code    12  inet.o(i.ntohl)
    ntohs                                    0x08005bb9   Thumb Code    12  inet.o(i.ntohs)
    pbuf_alloc                               0x08005bc5   Thumb Code   414  pbuf.o(i.pbuf_alloc)
    pbuf_cat                                 0x08005d63   Thumb Code    56  pbuf.o(i.pbuf_cat)
    pbuf_chain                               0x08005d9b   Thumb Code    22  pbuf.o(i.pbuf_chain)
    pbuf_clen                                0x08005db1   Thumb Code    18  pbuf.o(i.pbuf_clen)
    pbuf_copy                                0x08005dc3   Thumb Code   182  pbuf.o(i.pbuf_copy)
    pbuf_copy_partial                        0x08005e79   Thumb Code   146  pbuf.o(i.pbuf_copy_partial)
    pbuf_free                                0x08005f0b   Thumb Code   110  pbuf.o(i.pbuf_free)
    pbuf_header                              0x08005f79   Thumb Code   126  pbuf.o(i.pbuf_header)
    pbuf_realloc                             0x08005ff7   Thumb Code   120  pbuf.o(i.pbuf_realloc)
    pbuf_ref                                 0x0800606f   Thumb Code    10  pbuf.o(i.pbuf_ref)
    raw_input                                0x08006101   Thumb Code   100  raw.o(i.raw_input)
    tcp_abandon                              0x080061b5   Thumb Code   148  tcp.o(i.tcp_abandon)
    tcp_accept                               0x08006251   Thumb Code     4  tcp.o(i.tcp_accept)
    tcp_alloc                                0x0800625d   Thumb Code   170  tcp.o(i.tcp_alloc)
    tcp_arg                                  0x08006315   Thumb Code     4  tcp.o(i.tcp_arg)
    tcp_bind                                 0x08006319   Thumb Code   228  tcp.o(i.tcp_bind)
    tcp_close                                0x0800640d   Thumb Code   234  tcp.o(i.tcp_close)
    tcp_eff_send_mss                         0x08006509   Thumb Code    46  tcp.o(i.tcp_eff_send_mss)
    tcp_enqueue                              0x08006537   Thumb Code  1014  tcp_out.o(i.tcp_enqueue)
    tcp_err                                  0x0800692d   Thumb Code     6  tcp.o(i.tcp_err)
    tcp_fasttmr                              0x08006935   Thumb Code   114  tcp.o(i.tcp_fasttmr)
    tcp_input                                0x080069ad   Thumb Code  1120  tcp_in.o(i.tcp_input)
    tcp_keepalive                            0x08006e19   Thumb Code    82  tcp_out.o(i.tcp_keepalive)
    tcp_listen_with_backlog                  0x08007035   Thumb Code   192  tcp.o(i.tcp_listen_with_backlog)
    tcp_new                                  0x08007105   Thumb Code    10  tcp.o(i.tcp_new)
    tcp_next_iss                             0x08007189   Thumb Code    20  tcp.o(i.tcp_next_iss)
    tcp_output                               0x080071a5   Thumb Code   474  tcp_out.o(i.tcp_output)
    tcp_pcb_purge                            0x08007595   Thumb Code    54  tcp.o(i.tcp_pcb_purge)
    tcp_pcb_remove                           0x080075cd   Thumb Code   146  tcp.o(i.tcp_pcb_remove)
    tcp_poll                                 0x08007665   Thumb Code    10  tcp.o(i.tcp_poll)
    tcp_recv                                 0x08008225   Thumb Code     6  tcp.o(i.tcp_recv)
    tcp_recv_null                            0x0800822b   Thumb Code    46  tcp.o(i.tcp_recv_null)
    tcp_recved                               0x08008259   Thumb Code    70  tcp.o(i.tcp_recved)
    tcp_rexmit                               0x0800829f   Thumb Code    80  tcp_out.o(i.tcp_rexmit)
    tcp_rexmit_fast                          0x080082ef   Thumb Code   114  tcp_out.o(i.tcp_rexmit_fast)
    tcp_rexmit_rto                           0x08008361   Thumb Code    58  tcp_out.o(i.tcp_rexmit_rto)
    tcp_rst                                  0x0800839b   Thumb Code   170  tcp_out.o(i.tcp_rst)
    tcp_seg_free                             0x08008445   Thumb Code    32  tcp.o(i.tcp_seg_free)
    tcp_segs_free                            0x08008465   Thumb Code    30  tcp.o(i.tcp_segs_free)
    tcp_send_ctrl                            0x08008483   Thumb Code    28  tcp_out.o(i.tcp_send_ctrl)
    tcp_send_empty_ack                       0x0800849f   Thumb Code    94  tcp_out.o(i.tcp_send_empty_ack)
    tcp_sent                                 0x080084fd   Thumb Code     6  tcp.o(i.tcp_sent)
    tcp_setprio                              0x08008503   Thumb Code     4  tcp.o(i.tcp_setprio)
    tcp_slowtmr                              0x08008509   Thumb Code   712  tcp.o(i.tcp_slowtmr)
    tcp_tmr                                  0x0800889d   Thumb Code    30  tcp.o(i.tcp_tmr)
    tcp_update_rcv_ann_wnd                   0x080088c1   Thumb Code    72  tcp.o(i.tcp_update_rcv_ann_wnd)
    tcp_write                                0x08008909   Thumb Code    72  tcp_out.o(i.tcp_write)
    tcp_zero_window_probe                    0x08008951   Thumb Code   168  tcp_out.o(i.tcp_zero_window_probe)
    udp_bind                                 0x080089f9   Thumb Code   106  udp.o(i.udp_bind)
    udp_connect                              0x08008a69   Thumb Code    94  udp.o(i.udp_connect)
    udp_input                                0x08008acd   Thumb Code   452  udp.o(i.udp_input)
    udp_new                                  0x08008c95   Thumb Code    28  udp.o(i.udp_new)
    udp_recv                                 0x08008cb1   Thumb Code     6  udp.o(i.udp_recv)
    udp_remove                               0x08008cb9   Thumb Code    60  udp.o(i.udp_remove)
    udp_sendto_if                            0x08008cf9   Thumb Code   202  udp.o(i.udp_sendto_if)
    __aeabi_d2uiz                            0x08008eb1   Thumb Code     0  dfixu.o(x$fpl$dfixu)
    _dfixu                                   0x08008eb1   Thumb Code    90  dfixu.o(x$fpl$dfixu)
    __aeabi_ui2d                             0x08008f0b   Thumb Code     0  dflt_clz.o(x$fpl$dfltu)
    _dfltu                                   0x08008f0b   Thumb Code    38  dflt_clz.o(x$fpl$dfltu)
    __aeabi_dmul                             0x08008f31   Thumb Code     0  dmul.o(x$fpl$dmul)
    _dmul                                    0x08008f31   Thumb Code   332  dmul.o(x$fpl$dmul)
    __fpl_dnaninf                            0x08009085   Thumb Code   156  dnaninf.o(x$fpl$dnaninf)
    __fpl_dretinf                            0x08009121   Thumb Code    12  dretinf.o(x$fpl$dretinf)
    _fp_init                                 0x0800912d   Thumb Code    10  fpinit.o(x$fpl$fpinit)
    __fplib_config_fpu_vfp                   0x08009135   Thumb Code     0  fpinit.o(x$fpl$fpinit)
    __fplib_config_pureend_doubles           0x08009135   Thumb Code     0  fpinit.o(x$fpl$fpinit)
    __I$use$fp                               0x08009136   Number         0  usenofp.o(x$fpl$usenofp)
    file__STM32F4x7_files_logo_jpg           0x08015d1c   Data          20  fs.o(.constdata)
    file__STM32F4x7_files_ST_gif             0x08015d30   Data          20  fs.o(.constdata)
    file__STM32F4x7_files_stm32_jpg          0x08015d44   Data          20  fs.o(.constdata)
    file__404_html                           0x08015d58   Data          20  fs.o(.constdata)
    file__index_html                         0x08015d6c   Data          20  fs.o(.constdata)
    file__STM32F4x7ADC_shtml                 0x08015d80   Data          20  fs.o(.constdata)
    file__STM32F4x7LED_html                  0x08015d94   Data          20  fs.o(.constdata)
    g_psDefaultFilenames                     0x08018798   Data          40  httpd.o(.constdata)
    g_pcTagLeadIn                            0x080187c0   Data           4  httpd.o(.constdata)
    g_pcTagLeadOut                           0x080187c4   Data           4  httpd.o(.constdata)
    LEDS_CGI                                 0x0801b1b8   Data           8  httpd_cgi_ssi.o(.constdata)
    tcp_backoff                              0x08022fb4   Data          13  tcp.o(.constdata)
    tcp_persist_backoff                      0x08022fc1   Data           7  tcp.o(.constdata)
    ip_addr_any                              0x08022fc8   Data           4  ip_addr.o(.constdata)
    ip_addr_broadcast                        0x08022fcc   Data           4  ip_addr.o(.constdata)
    ethbroadcast                             0x08022fd0   Data           6  etharp.o(.constdata)
    ethzero                                  0x08022fd6   Data           6  etharp.o(.constdata)
    Region$$Table$$Base                      0x080230d0   Number         0  anon$$obj.o(Region$$Table)
    Region$$Table$$Limit                     0x080230f0   Number         0  anon$$obj.o(Region$$Table)
    SystemCoreClock                          0x20000000   Data           4  system_stm32f4xx.o(.data)
    AHBPrescTable                            0x20000004   Data          16  system_stm32f4xx.o(.data)
    g_pcSSIExtensions                        0x20000048   Data          16  httpd.o(.data)
    g_pfnSSIHandler                          0x20000058   Data           4  httpd.o(.data)
    g_iNumTags                               0x2000005c   Data           4  httpd.o(.data)
    g_ppcTags                                0x20000060   Data           4  httpd.o(.data)
    g_pCGIs                                  0x20000064   Data           4  httpd.o(.data)
    g_iNumCGIs                               0x20000068   Data           4  httpd.o(.data)
    ADC_Page_SSI_Handler                     0x200000a0   Data           4  httpd_cgi_ssi.o(.data)
    ADC_not_configured                       0x200000a4   Data           4  httpd_cgi_ssi.o(.data)
    TAGCHAR                                  0x200000a8   Data           4  httpd_cgi_ssi.o(.data)
    TAGS                                     0x200000ac   Data           4  httpd_cgi_ssi.o(.data)
    CGI_TAB                                  0x200000b0   Data           8  httpd_cgi_ssi.o(.data)
    timingdelay                              0x200000ec   Data           4  main.o(.data)
    LocalTime                                0x200000f0   Data           4  main.o(.data)
    TCPTimer                                 0x20000128   Data           4  netconf.o(.data)
    ARPTimer                                 0x2000012c   Data           4  netconf.o(.data)
    IPaddress                                0x20000130   Data           4  netconf.o(.data)
    DHCPfineTimer                            0x20000134   Data           4  netconf.o(.data)
    DHCPcoarseTimer                          0x20000138   Data           4  netconf.o(.data)
    DHCP_state                               0x2000013c   Data           1  netconf.o(.data)
    EthInitStatus                            0x20000174   Data           4  stm32f4x7_eth_bsp.o(.data)
    EthLinkStatus                            0x20000178   Data           1  stm32f4x7_eth_bsp.o(.data)
    TimingDelay                              0x200001b4   Data           4  delay.o(.data)
    __stdout                                 0x200001b8   Data           4  usart.o(.data)
    DMATxDescToSet                           0x200001cc   Data           4  stm32f4x7_eth.o(.data)
    DMARxDescToGet                           0x200001d0   Data           4  stm32f4x7_eth.o(.data)
    DMA_RX_FRAME_infos                       0x200001d4   Data           4  stm32f4x7_eth.o(.data)
    Frame_Rx_index                           0x200001d8   Data           4  stm32f4x7_eth.o(.data)
    netif_list                               0x200001f0   Data           4  netif.o(.data)
    netif_default                            0x200001f4   Data           4  netif.o(.data)
    tcp_state_str                            0x20000200   Data          44  tcp.o(.data)
    tcp_ticks                                0x2000022c   Data           4  tcp.o(.data)
    tcp_bound_pcbs                           0x20000230   Data           4  tcp.o(.data)
    tcp_listen_pcbs                          0x20000234   Data           4  tcp.o(.data)
    tcp_active_pcbs                          0x20000238   Data           4  tcp.o(.data)
    tcp_tw_pcbs                              0x2000023c   Data           4  tcp.o(.data)
    tcp_tmp_pcb                              0x20000240   Data           4  tcp.o(.data)
    tcp_input_pcb                            0x20000268   Data           4  tcp_in.o(.data)
    udp_pcbs                                 0x2000026c   Data           4  udp.o(.data)
    current_netif                            0x20000270   Data           4  ip.o(.data)
    current_header                           0x20000274   Data           4  ip.o(.data)
    fs_memory                                0x20000284   Data         240  fs.o(.bss)
    netif                                    0x20000774   Data          56  netconf.o(.bss)
    DMARxDscrTab                             0x200007ac   Data         128  stm32f4x7_eth.o(.bss)
    DMATxDscrTab                             0x2000082c   Data          64  stm32f4x7_eth.o(.bss)
    Rx_Buff                                  0x2000086c   Data        6096  stm32f4x7_eth.o(.bss)
    Tx_Buff                                  0x2000203c   Data        3048  stm32f4x7_eth.o(.bss)
    RX_Frame_Descriptor                      0x20002c24   Data          12  stm32f4x7_eth.o(.bss)
    __libspace_start                         0x20007f38   Data          96  libspace.o(.bss)
    __temporary_stack_top$libspace           0x20007f98   Data           0  libspace.o(.bss)



==============================================================================

Memory Map of the image

  Image Entry point : 0x08000189

  Load Region LR_IROM1 (Base: 0x08000000, Size: 0x00023374, Max: 0x00100000, ABSOLUTE, COMPRESSED[0x000231cc])

    Execution Region ER_IROM1 (Base: 0x08000000, Size: 0x000230f0, Max: 0x00100000, ABSOLUTE)

    Base Addr    Size         Type   Attr      Idx    E Section Name        Object

    0x08000000   0x00000188   Data   RO          143    RESET               startup_stm32f40_41xxx.o
    0x08000188   0x00000008   Code   RO         4641  * !!!main             c_w.l(__main.o)
    0x08000190   0x00000034   Code   RO         4829    !!!scatter          c_w.l(__scatter.o)
    0x080001c4   0x0000005a   Code   RO         4827    !!dczerorl2         c_w.l(__dczerorl2.o)
    0x0800021e   0x00000002   PAD
    0x08000220   0x0000001c   Code   RO         4831    !!handler_zi        c_w.l(__scatter_zi.o)
    0x0800023c   0x00000000   Code   RO         4618    .ARM.Collect$$_printf_percent$$00000000  c_w.l(_printf_percent.o)
    0x0800023c   0x00000006   Code   RO         4617    .ARM.Collect$$_printf_percent$$00000009  c_w.l(_printf_d.o)
    0x08000242   0x00000006   Code   RO         4616    .ARM.Collect$$_printf_percent$$00000014  c_w.l(_printf_s.o)
    0x08000248   0x00000004   Code   RO         4668    .ARM.Collect$$_printf_percent$$00000017  c_w.l(_printf_percent_end.o)
    0x0800024c   0x00000002   Code   RO         4704    .ARM.Collect$$libinit$$00000000  c_w.l(libinit.o)
    0x0800024e   0x00000004   Code   RO         4710    .ARM.Collect$$libinit$$00000001  c_w.l(libinit2.o)
    0x08000252   0x00000000   Code   RO         4714    .ARM.Collect$$libinit$$00000008  c_w.l(libinit2.o)
    0x08000252   0x00000000   Code   RO         4716    .ARM.Collect$$libinit$$0000000A  c_w.l(libinit2.o)
    0x08000252   0x00000000   Code   RO         4718    .ARM.Collect$$libinit$$0000000C  c_w.l(libinit2.o)
    0x08000252   0x00000000   Code   RO         4721    .ARM.Collect$$libinit$$0000000F  c_w.l(libinit2.o)
    0x08000252   0x00000000   Code   RO         4723    .ARM.Collect$$libinit$$00000011  c_w.l(libinit2.o)
    0x08000252   0x00000000   Code   RO         4725    .ARM.Collect$$libinit$$00000013  c_w.l(libinit2.o)
    0x08000252   0x00000000   Code   RO         4727    .ARM.Collect$$libinit$$00000015  c_w.l(libinit2.o)
    0x08000252   0x00000000   Code   RO         4729    .ARM.Collect$$libinit$$00000017  c_w.l(libinit2.o)
    0x08000252   0x00000000   Code   RO         4731    .ARM.Collect$$libinit$$00000019  c_w.l(libinit2.o)
    0x08000252   0x00000000   Code   RO         4733    .ARM.Collect$$libinit$$0000001B  c_w.l(libinit2.o)
    0x08000252   0x00000000   Code   RO         4735    .ARM.Collect$$libinit$$0000001D  c_w.l(libinit2.o)
    0x08000252   0x00000000   Code   RO         4737    .ARM.Collect$$libinit$$0000001F  c_w.l(libinit2.o)
    0x08000252   0x00000000   Code   RO         4739    .ARM.Collect$$libinit$$00000021  c_w.l(libinit2.o)
    0x08000252   0x00000000   Code   RO         4741    .ARM.Collect$$libinit$$00000023  c_w.l(libinit2.o)
    0x08000252   0x00000000   Code   RO         4745    .ARM.Collect$$libinit$$0000002A  c_w.l(libinit2.o)
    0x08000252   0x00000000   Code   RO         4747    .ARM.Collect$$libinit$$0000002C  c_w.l(libinit2.o)
    0x08000252   0x00000000   Code   RO         4749    .ARM.Collect$$libinit$$0000002E  c_w.l(libinit2.o)
    0x08000252   0x00000000   Code   RO         4751    .ARM.Collect$$libinit$$00000030  c_w.l(libinit2.o)
    0x08000252   0x00000002   Code   RO         4752    .ARM.Collect$$libinit$$00000031  c_w.l(libinit2.o)
    0x08000254   0x00000002   Code   RO         4770    .ARM.Collect$$libshutdown$$00000000  c_w.l(libshutdown.o)
    0x08000256   0x00000000   Code   RO         4781    .ARM.Collect$$libshutdown$$00000003  c_w.l(libshutdown2.o)
    0x08000256   0x00000000   Code   RO         4784    .ARM.Collect$$libshutdown$$00000006  c_w.l(libshutdown2.o)
    0x08000256   0x00000000   Code   RO         4787    .ARM.Collect$$libshutdown$$00000009  c_w.l(libshutdown2.o)
    0x08000256   0x00000000   Code   RO         4789    .ARM.Collect$$libshutdown$$0000000B  c_w.l(libshutdown2.o)
    0x08000256   0x00000000   Code   RO         4792    .ARM.Collect$$libshutdown$$0000000E  c_w.l(libshutdown2.o)
    0x08000256   0x00000002   Code   RO         4793    .ARM.Collect$$libshutdown$$0000000F  c_w.l(libshutdown2.o)
    0x08000258   0x00000000   Code   RO         4657    .ARM.Collect$$rtentry$$00000000  c_w.l(rtentry.o)
    0x08000258   0x00000000   Code   RO         4675    .ARM.Collect$$rtentry$$00000002  c_w.l(rtentry2.o)
    0x08000258   0x00000006   Code   RO         4687    .ARM.Collect$$rtentry$$00000004  c_w.l(rtentry4.o)
    0x0800025e   0x00000000   Code   RO         4677    .ARM.Collect$$rtentry$$00000009  c_w.l(rtentry2.o)
    0x0800025e   0x00000004   Code   RO         4678    .ARM.Collect$$rtentry$$0000000A  c_w.l(rtentry2.o)
    0x08000262   0x00000000   Code   RO         4680    .ARM.Collect$$rtentry$$0000000C  c_w.l(rtentry2.o)
    0x08000262   0x00000008   Code   RO         4681    .ARM.Collect$$rtentry$$0000000D  c_w.l(rtentry2.o)
    0x0800026a   0x00000002   Code   RO         4708    .ARM.Collect$$rtexit$$00000000  c_w.l(rtexit.o)
    0x0800026c   0x00000000   Code   RO         4754    .ARM.Collect$$rtexit$$00000002  c_w.l(rtexit2.o)
    0x0800026c   0x00000004   Code   RO         4755    .ARM.Collect$$rtexit$$00000003  c_w.l(rtexit2.o)
    0x08000270   0x00000006   Code   RO         4756    .ARM.Collect$$rtexit$$00000004  c_w.l(rtexit2.o)
    0x08000276   0x00000002   PAD
    0x08000278   0x00000040   Code   RO          144    .text               startup_stm32f40_41xxx.o
    0x080002b8   0x00000002   Code   RO         4580    .text               c_w.l(use_no_semi_2.o)
    0x080002ba   0x00000002   PAD
    0x080002bc   0x00000018   Code   RO         4586    .text               c_w.l(noretval__2printf.o)
    0x080002d4   0x00000028   Code   RO         4588    .text               c_w.l(noretval__2sprintf.o)
    0x080002fc   0x00000068   Code   RO         4590    .text               c_w.l(__printf.o)
    0x08000364   0x00000052   Code   RO         4592    .text               c_w.l(_printf_str.o)
    0x080003b6   0x00000002   PAD
    0x080003b8   0x00000074   Code   RO         4594    .text               c_w.l(_printf_dec.o)
    0x0800042c   0x00000014   Code   RO         4619    .text               c_w.l(strchr.o)
    0x08000440   0x00000024   Code   RO         4621    .text               c_w.l(strstr.o)
    0x08000464   0x00000058   Code   RO         4623    .text               c_w.l(memcmp.o)
    0x080004bc   0x0000003e   Code   RO         4625    .text               c_w.l(strlen.o)
    0x080004fa   0x00000096   Code   RO         4627    .text               c_w.l(strncmp.o)
    0x08000590   0x0000008a   Code   RO         4629    .text               c_w.l(rt_memcpy_v6.o)
    0x0800061a   0x00000064   Code   RO         4631    .text               c_w.l(rt_memcpy_w.o)
    0x0800067e   0x0000004e   Code   RO         4635    .text               c_w.l(rt_memclr_w.o)
    0x080006cc   0x00000080   Code   RO         4637    .text               c_w.l(strcmpv7m.o)
    0x0800074c   0x00000006   Code   RO         4639    .text               c_w.l(heapauxi.o)
    0x08000752   0x00000002   Code   RO         4655    .text               c_w.l(use_no_semi.o)
    0x08000754   0x000000b2   Code   RO         4658    .text               c_w.l(_printf_intcommon.o)
    0x08000806   0x00000002   PAD
    0x08000808   0x00000030   Code   RO         4660    .text               c_w.l(_printf_char_common.o)
    0x08000838   0x0000000a   Code   RO         4662    .text               c_w.l(_sputc.o)
    0x08000842   0x0000002c   Code   RO         4664    .text               c_w.l(_printf_char.o)
    0x0800086e   0x00000002   PAD
    0x08000870   0x00000024   Code   RO         4666    .text               c_w.l(_printf_char_file.o)
    0x08000894   0x00000008   Code   RO         4691    .text               c_w.l(ferror.o)
    0x0800089c   0x0000004a   Code   RO         4695    .text               c_w.l(sys_stackheap_outer.o)
    0x080008e6   0x0000000c   Code   RO         4697    .text               c_w.l(exit.o)
    0x080008f2   0x00000002   PAD
    0x080008f4   0x00000008   Code   RO         4705    .text               c_w.l(libspace.o)
    0x080008fc   0x00000016   Code   RO          895    i.ADC_Cmd           stm32f4xx_adc.o
    0x08000912   0x00000002   PAD
    0x08000914   0x00000030   Code   RO          896    i.ADC_CommonInit    stm32f4xx_adc.o
    0x08000944   0x00000088   Code   RO          529    i.ADC_Configuration  httpd_cgi_ssi.o
    0x080009cc   0x00000008   Code   RO          907    i.ADC_GetConversionValue  stm32f4xx_adc.o
    0x080009d4   0x000000e0   Code   RO          530    i.ADC_Handler       httpd_cgi_ssi.o
    0x08000ab4   0x00000054   Code   RO          915    i.ADC_Init          stm32f4xx_adc.o
    0x08000b08   0x000000b8   Code   RO          920    i.ADC_RegularChannelConfig  stm32f4xx_adc.o
    0x08000bc0   0x0000000a   Code   RO          922    i.ADC_SoftwareStartConv  stm32f4xx_adc.o
    0x08000bca   0x00000014   Code   RO          924    i.ADC_StructInit    stm32f4xx_adc.o
    0x08000bde   0x00000004   Code   RO          150    i.BusFault_Handler  stm32f4xx_it.o
    0x08000be2   0x00000002   PAD
    0x08000be4   0x00000090   Code   RO          806    i.COM1Init          usart.o
    0x08000c74   0x00000002   Code   RO          151    i.DebugMon_Handler  stm32f4xx_it.o
    0x08000c76   0x00000002   PAD
    0x08000c78   0x000001b8   Code   RO          695    i.ETH_BSP_Config    stm32f4x7_eth_bsp.o
    0x08000e30   0x000000c8   Code   RO         2563    i.ETH_CheckFrameReceived  stm32f4x7_eth.o
    0x08000ef8   0x00000024   Code   RO         2567    i.ETH_DMAReceptionCmd  stm32f4x7_eth.o
    0x08000f1c   0x00000064   Code   RO         2568    i.ETH_DMARxDescChainInit  stm32f4x7_eth.o
    0x08000f80   0x00000024   Code   RO         2570    i.ETH_DMATransmissionCmd  stm32f4x7_eth.o
    0x08000fa4   0x00000050   Code   RO         2573    i.ETH_DMATxDescChainInit  stm32f4x7_eth.o
    0x08000ff4   0x00000008   Code   RO         2574    i.ETH_DMATxDescChecksumInsertionConfig  stm32f4x7_eth.o
    0x08000ffc   0x00000016   Code   RO         2579    i.ETH_DeInit        stm32f4x7_eth.o
    0x08001012   0x0000001c   Code   RO         2580    i.ETH_Delay         stm32f4x7_eth.o
    0x0800102e   0x00000002   PAD
    0x08001030   0x00000014   Code   RO         2582    i.ETH_FlushTransmitFIFO  stm32f4x7_eth.o
    0x08001044   0x00000124   Code   RO          696    i.ETH_GPIO_Config   stm32f4x7_eth_bsp.o
    0x08001168   0x00000018   Code   RO         2608    i.ETH_GetSoftwareResetStatus  stm32f4x7_eth.o
    0x08001180   0x0000005c   Code   RO         2610    i.ETH_Get_Received_Frame  stm32f4x7_eth.o
    0x080011dc   0x00000298   Code   RO         2613    i.ETH_Init          stm32f4x7_eth.o
    0x08001474   0x00000034   Code   RO         2615    i.ETH_MACAddressConfig  stm32f4x7_eth.o
    0x080014a8   0x00000088   Code   RO          697    i.ETH_MACDMA_Config  stm32f4x7_eth_bsp.o
    0x08001530   0x00000024   Code   RO         2620    i.ETH_MACReceptionCmd  stm32f4x7_eth.o
    0x08001554   0x00000024   Code   RO         2621    i.ETH_MACTransmissionCmd  stm32f4x7_eth.o
    0x08001578   0x000000e8   Code   RO         2632    i.ETH_Prepare_Transmit_Descriptors  stm32f4x7_eth.o
    0x08001660   0x0000006c   Code   RO         2633    i.ETH_ReadPHYRegister  stm32f4x7_eth.o
    0x080016cc   0x00000014   Code   RO         2641    i.ETH_SoftwareReset  stm32f4x7_eth.o
    0x080016e0   0x00000020   Code   RO         2642    i.ETH_Start         stm32f4x7_eth.o
    0x08001700   0x000000b2   Code   RO         2643    i.ETH_StructInit    stm32f4x7_eth.o
    0x080017b2   0x00000002   PAD
    0x080017b4   0x00000068   Code   RO         2645    i.ETH_WritePHYRegister  stm32f4x7_eth.o
    0x0800181c   0x00000090   Code   RO         1325    i.GPIO_Init         stm32f4xx_gpio.o
    0x080018ac   0x00000046   Code   RO         1326    i.GPIO_PinAFConfig  stm32f4xx_gpio.o
    0x080018f2   0x00000004   Code   RO         1332    i.GPIO_ResetBits    stm32f4xx_gpio.o
    0x080018f6   0x00000004   Code   RO         1333    i.GPIO_SetBits      stm32f4xx_gpio.o
    0x080018fa   0x00000004   Code   RO          152    i.HardFault_Handler  stm32f4xx_it.o
    0x080018fe   0x00000002   PAD
    0x08001900   0x00000044   Code   RO          531    i.LEDS_CGI_Handler  httpd_cgi_ssi.o
    0x08001944   0x000001c4   Code   RO          630    i.LwIP_DHCP_Process_Handle  netconf.o
    0x08001b08   0x00000048   Code   RO          631    i.LwIP_Init         netconf.o
    0x08001b50   0x00000090   Code   RO          632    i.LwIP_Periodic_Handle  netconf.o
    0x08001be0   0x00000010   Code   RO          633    i.LwIP_Pkt_Handle   netconf.o
    0x08001bf0   0x00000004   Code   RO          153    i.MemManage_Handler  stm32f4xx_it.o
    0x08001bf4   0x00000002   Code   RO          154    i.NMI_Handler       stm32f4xx_it.o
    0x08001bf6   0x00000002   Code   RO          155    i.PendSV_Handler    stm32f4xx_it.o
    0x08001bf8   0x00000020   Code   RO         1422    i.RCC_AHB1PeriphClockCmd  stm32f4xx_rcc.o
    0x08001c18   0x00000020   Code   RO         1424    i.RCC_AHB1PeriphResetCmd  stm32f4xx_rcc.o
    0x08001c38   0x00000020   Code   RO         1434    i.RCC_APB2PeriphClockCmd  stm32f4xx_rcc.o
    0x08001c58   0x000000e8   Code   RO         1443    i.RCC_GetClocksFreq  stm32f4xx_rcc.o
    0x08001d40   0x0000001c   Code   RO         1456    i.RCC_MCO1Config    stm32f4xx_rcc.o
    0x08001d5c   0x00000002   Code   RO          156    i.SVC_Handler       stm32f4xx_it.o
    0x08001d5e   0x00000002   PAD
    0x08001d60   0x0000000c   Code   RO         1758    i.SYSCFG_ETH_MediaInterfaceConfig  stm32f4xx_syscfg.o
    0x08001d6c   0x000000ec   Code   RO            3    i.SetSysClock       system_stm32f4xx.o
    0x08001e58   0x00000028   Code   RO          849    i.SysTick_CLKSourceConfig  misc.o
    0x08001e80   0x00000008   Code   RO          157    i.SysTick_Handler   stm32f4xx_it.o
    0x08001e88   0x00000068   Code   RO            5    i.SystemInit        system_stm32f4xx.o
    0x08001ef0   0x00000018   Code   RO          733    i.TimingDelay_Decrement  delay.o
    0x08001f08   0x00000012   Code   RO         2374    i.USART_ClearFlag   stm32f4xx_usart.o
    0x08001f1a   0x00000018   Code   RO         2378    i.USART_Cmd         stm32f4xx_usart.o
    0x08001f32   0x0000001a   Code   RO         2381    i.USART_GetFlagStatus  stm32f4xx_usart.o
    0x08001f4c   0x000000d4   Code   RO         2385    i.USART_Init        stm32f4xx_usart.o
    0x08002020   0x00000008   Code   RO         2395    i.USART_SendData    stm32f4xx_usart.o
    0x08002028   0x00000004   Code   RO          158    i.UsageFault_Handler  stm32f4xx_it.o
    0x0800202c   0x00000006   Code   RO          807    i._sys_exit         usart.o
    0x08002032   0x00000002   PAD
    0x08002034   0x0000002c   Code   RO         4125    i.autoip_arp_announce  autoip.o
    0x08002060   0x000000b0   Code   RO         4127    i.autoip_arp_reply  autoip.o
    0x08002110   0x00000064   Code   RO         4129    i.autoip_create_addr  autoip.o
    0x08002174   0x0000002e   Code   RO         4130    i.autoip_handle_arp_conflict  autoip.o
    0x080021a2   0x00000060   Code   RO         4133    i.autoip_start      autoip.o
    0x08002202   0x00000050   Code   RO         4134    i.autoip_start_probing  autoip.o
    0x08002252   0x0000002e   Code   RO         3135    i.dhcp_arp_reply    dhcp.o
    0x08002280   0x000000fc   Code   RO         3136    i.dhcp_bind         dhcp.o
    0x0800237c   0x00000038   Code   RO         3137    i.dhcp_check        dhcp.o
    0x080023b4   0x00000044   Code   RO         3138    i.dhcp_coarse_tmr   dhcp.o
    0x080023f8   0x0000012c   Code   RO         3139    i.dhcp_create_request  dhcp.o
    0x08002524   0x00000090   Code   RO         3140    i.dhcp_decline      dhcp.o
    0x080025b4   0x00000032   Code   RO         3141    i.dhcp_delete_request  dhcp.o
    0x080025e6   0x00000002   PAD
    0x080025e8   0x000000e0   Code   RO         3142    i.dhcp_discover     dhcp.o
    0x080026c8   0x00000044   Code   RO         3143    i.dhcp_fine_tmr     dhcp.o
    0x0800270c   0x00000024   Code   RO         3144    i.dhcp_free_reply   dhcp.o
    0x08002730   0x00000006   Code   RO         3145    i.dhcp_get_option_byte  dhcp.o
    0x08002736   0x00000020   Code   RO         3146    i.dhcp_get_option_long  dhcp.o
    0x08002756   0x000000a2   Code   RO         3147    i.dhcp_get_option_ptr  dhcp.o
    0x080027f8   0x00000106   Code   RO         3148    i.dhcp_handle_ack   dhcp.o
    0x080028fe   0x00000002   PAD
    0x08002900   0x00000038   Code   RO         3149    i.dhcp_handle_nak   dhcp.o
    0x08002938   0x0000003c   Code   RO         3150    i.dhcp_handle_offer  dhcp.o
    0x08002974   0x00000020   Code   RO         3153    i.dhcp_option       dhcp.o
    0x08002994   0x00000012   Code   RO         3154    i.dhcp_option_byte  dhcp.o
    0x080029a6   0x00000042   Code   RO         3155    i.dhcp_option_long  dhcp.o
    0x080029e8   0x00000022   Code   RO         3156    i.dhcp_option_short  dhcp.o
    0x08002a0a   0x00000046   Code   RO         3157    i.dhcp_option_trailer  dhcp.o
    0x08002a50   0x00000098   Code   RO         3158    i.dhcp_rebind       dhcp.o
    0x08002ae8   0x000000b8   Code   RO         3159    i.dhcp_reboot       dhcp.o
    0x08002ba0   0x0000010a   Code   RO         3160    i.dhcp_recv         dhcp.o
    0x08002caa   0x00000002   PAD
    0x08002cac   0x000000b8   Code   RO         3161    i.dhcp_release      dhcp.o
    0x08002d64   0x00000094   Code   RO         3162    i.dhcp_renew        dhcp.o
    0x08002df8   0x00000104   Code   RO         3163    i.dhcp_select       dhcp.o
    0x08002efc   0x0000000e   Code   RO         3164    i.dhcp_set_state    dhcp.o
    0x08002f0a   0x00000002   PAD
    0x08002f0c   0x000000c4   Code   RO         3165    i.dhcp_start        dhcp.o
    0x08002fd0   0x0000003c   Code   RO         3166    i.dhcp_stop         dhcp.o
    0x0800300c   0x00000020   Code   RO         3167    i.dhcp_t1_timeout   dhcp.o
    0x0800302c   0x00000020   Code   RO         3168    i.dhcp_t2_timeout   dhcp.o
    0x0800304c   0x000000a4   Code   RO         3169    i.dhcp_timeout      dhcp.o
    0x080030f0   0x00000086   Code   RO         3170    i.dhcp_unfold_reply  dhcp.o
    0x08003176   0x00000002   PAD
    0x08003178   0x00000158   Code   RO         4430    i.etharp_arp_input  etharp.o
    0x080032d0   0x0000003c   Code   RO         4432    i.etharp_ip_input   etharp.o
    0x0800330c   0x000000c4   Code   RO         4433    i.etharp_output     etharp.o
    0x080033d0   0x00000188   Code   RO         4434    i.etharp_query      etharp.o
    0x08003558   0x000000d8   Code   RO         4435    i.etharp_raw        etharp.o
    0x08003630   0x0000002c   Code   RO         4436    i.etharp_request    etharp.o
    0x0800365c   0x00000042   Code   RO         4437    i.etharp_send_ip    etharp.o
    0x0800369e   0x00000002   PAD
    0x080036a0   0x000000a0   Code   RO         4438    i.etharp_tmr        etharp.o
    0x08003740   0x0000006c   Code   RO         4439    i.ethernet_input    etharp.o
    0x080037ac   0x00000030   Code   RO         4535    i.ethernetif_init   ethernetif.o
    0x080037dc   0x0000002c   Code   RO         4536    i.ethernetif_input  ethernetif.o
    0x08003808   0x0000007e   Code   RO          310    i.extract_uri_parameters  httpd.o
    0x08003886   0x00000002   PAD
    0x08003888   0x000001ec   Code   RO         4440    i.find_entry        etharp.o
    0x08003a74   0x00000024   Code   RO          808    i.fputc             usart.o
    0x08003a98   0x0000002a   Code   RO         4441    i.free_etharp_q     etharp.o
    0x08003ac2   0x0000000a   Code   RO          226    i.fs_bytes_left     fs.o
    0x08003acc   0x0000000c   Code   RO          227    i.fs_close          fs.o
    0x08003ad8   0x00000034   Code   RO          228    i.fs_free           fs.o
    0x08003b0c   0x0000003c   Code   RO          229    i.fs_malloc         fs.o
    0x08003b48   0x0000004c   Code   RO          230    i.fs_open           fs.o
    0x08003b94   0x0000003e   Code   RO          231    i.fs_read           fs.o
    0x08003bd2   0x00000002   PAD
    0x08003bd4   0x000000dc   Code   RO          311    i.get_tag_insert    httpd.o
    0x08003cb0   0x0000001a   Code   RO         4232    i.htonl             inet.o
    0x08003cca   0x0000000c   Code   RO         4233    i.htons             inet.o
    0x08003cd6   0x00000002   PAD
    0x08003cd8   0x00000064   Code   RO          312    i.http_accept       httpd.o
    0x08003d3c   0x00000050   Code   RO          313    i.http_close_conn   httpd.o
    0x08003d8c   0x00000012   Code   RO          314    i.http_err          httpd.o
    0x08003d9e   0x00000002   PAD
    0x08003da0   0x00000144   Code   RO          315    i.http_find_file    httpd.o
    0x08003ee4   0x0000005c   Code   RO          316    i.http_get_404_file  httpd.o
    0x08003f40   0x00000080   Code   RO          317    i.http_init_file    httpd.o
    0x08003fc0   0x00000138   Code   RO          318    i.http_parse_request  httpd.o
    0x080040f8   0x00000048   Code   RO          319    i.http_poll         httpd.o
    0x08004140   0x00000090   Code   RO          320    i.http_recv         httpd.o
    0x080041d0   0x00000520   Code   RO          321    i.http_send_data    httpd.o
    0x080046f0   0x00000024   Code   RO          322    i.http_sent         httpd.o
    0x08004714   0x0000001c   Code   RO          323    i.http_set_cgi_handlers  httpd.o
    0x08004730   0x00000028   Code   RO          324    i.http_set_ssi_handler  httpd.o
    0x08004758   0x0000001c   Code   RO          325    i.http_state_alloc  httpd.o
    0x08004774   0x0000002a   Code   RO          326    i.http_state_free   httpd.o
    0x0800479e   0x00000052   Code   RO          327    i.http_write        httpd.o
    0x080047f0   0x0000001c   Code   RO          532    i.httpd_cgi_init    httpd_cgi_ssi.o
    0x0800480c   0x00000018   Code   RO          328    i.httpd_init        httpd.o
    0x08004824   0x0000004c   Code   RO          329    i.httpd_init_addr   httpd.o
    0x08004870   0x00000018   Code   RO          533    i.httpd_ssi_init    httpd_cgi_ssi.o
    0x08004888   0x00000012   Code   RO         4197    i.icmp_dest_unreach  icmp.o
    0x0800489a   0x00000170   Code   RO         4198    i.icmp_input        icmp.o
    0x08004a0a   0x0000006c   Code   RO         4199    i.icmp_send_response  icmp.o
    0x08004a76   0x00000012   Code   RO         4200    i.icmp_time_exceeded  icmp.o
    0x08004a88   0x00000014   Code   RO         4281    i.inet_chksum       inet_chksum.o
    0x08004a9c   0x00000056   Code   RO         4282    i.inet_chksum_pbuf  inet_chksum.o
    0x08004af2   0x00000002   PAD
    0x08004af4   0x00000068   Code   RO          736    i.init_delay        delay.o
    0x08004b5c   0x0000004e   Code   RO         4356    i.ip_addr_isbroadcast  ip_addr.o
    0x08004baa   0x00000002   PAD
    0x08004bac   0x0000014c   Code   RO         4378    i.ip_frag           ip_frag.o
    0x08004cf8   0x000001cc   Code   RO         4317    i.ip_input          ip.o
    0x08004ec4   0x00000034   Code   RO         4318    i.ip_output         ip.o
    0x08004ef8   0x000000fc   Code   RO         4319    i.ip_output_if      ip.o
    0x08004ff4   0x00000198   Code   RO         4379    i.ip_reass          ip_frag.o
    0x0800518c   0x00000168   Code   RO         4380    i.ip_reass_chain_frag_into_datagram_and_validate  ip_frag.o
    0x080052f4   0x0000002c   Code   RO         4381    i.ip_reass_dequeue_datagram  ip_frag.o
    0x08005320   0x00000054   Code   RO         4382    i.ip_reass_enqueue_new_datagram  ip_frag.o
    0x08005374   0x00000088   Code   RO         4383    i.ip_reass_free_complete_datagram  ip_frag.o
    0x080053fc   0x0000007c   Code   RO         4384    i.ip_reass_remove_oldest_datagram  ip_frag.o
    0x08005478   0x00000050   Code   RO         4320    i.ip_route          ip.o
    0x080054c8   0x00000080   Code   RO         4537    i.low_level_init    ethernetif.o
    0x08005548   0x000000ac   Code   RO         4538    i.low_level_input   ethernetif.o
    0x080055f4   0x00000038   Code   RO         4539    i.low_level_output  ethernetif.o
    0x0800562c   0x0000004a   Code   RO         4284    i.lwip_standard_chksum  inet_chksum.o
    0x08005676   0x00000002   PAD
    0x08005678   0x00000034   Code   RO          596    i.main              main.o
    0x080056ac   0x00000050   Code   RO         3393    i.mem_free          mem.o
    0x080056fc   0x00000064   Code   RO         3394    i.mem_init          mem.o
    0x08005760   0x000000f0   Code   RO         3395    i.mem_malloc        mem.o
    0x08005850   0x0000012c   Code   RO         3396    i.mem_realloc       mem.o
    0x0800597c   0x00000020   Code   RO         3436    i.memp_free         memp.o
    0x0800599c   0x00000064   Code   RO         3437    i.memp_init         memp.o
    0x08005a00   0x0000002c   Code   RO         3438    i.memp_malloc       memp.o
    0x08005a2c   0x0000006c   Code   RO         3478    i.netif_add         netif.o
    0x08005a98   0x0000000c   Code   RO         3480    i.netif_is_up       netif.o
    0x08005aa4   0x00000028   Code   RO         3482    i.netif_set_addr    netif.o
    0x08005acc   0x0000000c   Code   RO         3483    i.netif_set_default  netif.o
    0x08005ad8   0x00000018   Code   RO         3484    i.netif_set_down    netif.o
    0x08005af0   0x0000000c   Code   RO         3485    i.netif_set_gw      netif.o
    0x08005afc   0x00000078   Code   RO         3486    i.netif_set_ipaddr  netif.o
    0x08005b74   0x0000000c   Code   RO         3487    i.netif_set_netmask  netif.o
    0x08005b80   0x0000002c   Code   RO         3488    i.netif_set_up      netif.o
    0x08005bac   0x0000000c   Code   RO         4237    i.ntohl             inet.o
    0x08005bb8   0x0000000c   Code   RO         4238    i.ntohs             inet.o
    0x08005bc4   0x0000019e   Code   RO         3560    i.pbuf_alloc        pbuf.o
    0x08005d62   0x00000038   Code   RO         3561    i.pbuf_cat          pbuf.o
    0x08005d9a   0x00000016   Code   RO         3562    i.pbuf_chain        pbuf.o
    0x08005db0   0x00000012   Code   RO         3563    i.pbuf_clen         pbuf.o
    0x08005dc2   0x000000b6   Code   RO         3565    i.pbuf_copy         pbuf.o
    0x08005e78   0x00000092   Code   RO         3566    i.pbuf_copy_partial  pbuf.o
    0x08005f0a   0x0000006e   Code   RO         3568    i.pbuf_free         pbuf.o
    0x08005f78   0x0000007e   Code   RO         3569    i.pbuf_header       pbuf.o
    0x08005ff6   0x00000078   Code   RO         3570    i.pbuf_realloc      pbuf.o
    0x0800606e   0x0000000a   Code   RO         3571    i.pbuf_ref          pbuf.o
    0x08006078   0x00000088   Code   RO         3397    i.plug_holes        mem.o
    0x08006100   0x00000068   Code   RO         3649    i.raw_input         raw.o
    0x08006168   0x0000004a   Code   RO          330    i.strnstr           httpd.o
    0x080061b2   0x00000002   PAD
    0x080061b4   0x0000009c   Code   RO         3715    i.tcp_abandon       tcp.o
    0x08006250   0x00000004   Code   RO         3716    i.tcp_accept        tcp.o
    0x08006254   0x00000008   Code   RO         3717    i.tcp_accept_null   tcp.o
    0x0800625c   0x000000b8   Code   RO         3718    i.tcp_alloc         tcp.o
    0x08006314   0x00000004   Code   RO         3719    i.tcp_arg           tcp.o
    0x08006318   0x000000f4   Code   RO         3720    i.tcp_bind          tcp.o
    0x0800640c   0x000000fc   Code   RO         3721    i.tcp_close         tcp.o
    0x08006508   0x0000002e   Code   RO         3724    i.tcp_eff_send_mss  tcp.o
    0x08006536   0x000003f6   Code   RO         3960    i.tcp_enqueue       tcp_out.o
    0x0800692c   0x00000006   Code   RO         3725    i.tcp_err           tcp.o
    0x08006932   0x00000002   PAD
    0x08006934   0x00000078   Code   RO         3726    i.tcp_fasttmr       tcp.o
    0x080069ac   0x0000046c   Code   RO         3912    i.tcp_input         tcp_in.o
    0x08006e18   0x00000052   Code   RO         3961    i.tcp_keepalive     tcp_out.o
    0x08006e6a   0x00000002   PAD
    0x08006e6c   0x00000058   Code   RO         3727    i.tcp_kill_prio     tcp.o
    0x08006ec4   0x0000003c   Code   RO         3728    i.tcp_kill_timewait  tcp.o
    0x08006f00   0x00000134   Code   RO         3913    i.tcp_listen_input  tcp_in.o
    0x08007034   0x000000d0   Code   RO         3729    i.tcp_listen_with_backlog  tcp.o
    0x08007104   0x0000000a   Code   RO         3730    i.tcp_new           tcp.o
    0x0800710e   0x00000002   PAD
    0x08007110   0x00000078   Code   RO         3731    i.tcp_new_port      tcp.o
    0x08007188   0x0000001c   Code   RO         3732    i.tcp_next_iss      tcp.o
    0x080071a4   0x000001e0   Code   RO         3962    i.tcp_output        tcp_out.o
    0x08007384   0x000000cc   Code   RO         3963    i.tcp_output_segment  tcp_out.o
    0x08007450   0x0000008a   Code   RO         3964    i.tcp_output_set_header  tcp_out.o
    0x080074da   0x00000002   PAD
    0x080074dc   0x000000b8   Code   RO         3914    i.tcp_parseopt      tcp_in.o
    0x08007594   0x00000036   Code   RO         3733    i.tcp_pcb_purge     tcp.o
    0x080075ca   0x00000002   PAD
    0x080075cc   0x00000098   Code   RO         3734    i.tcp_pcb_remove    tcp.o
    0x08007664   0x0000000a   Code   RO         3735    i.tcp_poll          tcp.o
    0x0800766e   0x00000002   PAD
    0x08007670   0x00000584   Code   RO         3915    i.tcp_process       tcp_in.o
    0x08007bf4   0x00000630   Code   RO         3916    i.tcp_receive       tcp_in.o
    0x08008224   0x00000006   Code   RO         3736    i.tcp_recv          tcp.o
    0x0800822a   0x0000002e   Code   RO         3737    i.tcp_recv_null     tcp.o
    0x08008258   0x00000046   Code   RO         3738    i.tcp_recved        tcp.o
    0x0800829e   0x00000050   Code   RO         3965    i.tcp_rexmit        tcp_out.o
    0x080082ee   0x00000072   Code   RO         3966    i.tcp_rexmit_fast   tcp_out.o
    0x08008360   0x0000003a   Code   RO         3967    i.tcp_rexmit_rto    tcp_out.o
    0x0800839a   0x000000aa   Code   RO         3968    i.tcp_rst           tcp_out.o
    0x08008444   0x00000020   Code   RO         3739    i.tcp_seg_free      tcp.o
    0x08008464   0x0000001e   Code   RO         3740    i.tcp_segs_free     tcp.o
    0x08008482   0x0000001c   Code   RO         3969    i.tcp_send_ctrl     tcp_out.o
    0x0800849e   0x0000005e   Code   RO         3970    i.tcp_send_empty_ack  tcp_out.o
    0x080084fc   0x00000006   Code   RO         3741    i.tcp_sent          tcp.o
    0x08008502   0x00000004   Code   RO         3742    i.tcp_setprio       tcp.o
    0x08008506   0x00000002   PAD
    0x08008508   0x000002e0   Code   RO         3743    i.tcp_slowtmr       tcp.o
    0x080087e8   0x000000b4   Code   RO         3917    i.tcp_timewait_input  tcp_in.o
    0x0800889c   0x00000024   Code   RO         3744    i.tcp_tmr           tcp.o
    0x080088c0   0x00000048   Code   RO         3745    i.tcp_update_rcv_ann_wnd  tcp.o
    0x08008908   0x00000048   Code   RO         3971    i.tcp_write         tcp_out.o
    0x08008950   0x000000a8   Code   RO         3972    i.tcp_zero_window_probe  tcp_out.o
    0x080089f8   0x00000070   Code   RO         4042    i.udp_bind          udp.o
    0x08008a68   0x00000064   Code   RO         4043    i.udp_connect       udp.o
    0x08008acc   0x000001c8   Code   RO         4045    i.udp_input         udp.o
    0x08008c94   0x0000001c   Code   RO         4046    i.udp_new           udp.o
    0x08008cb0   0x00000006   Code   RO         4047    i.udp_recv          udp.o
    0x08008cb6   0x00000002   PAD
    0x08008cb8   0x00000040   Code   RO         4048    i.udp_remove        udp.o
    0x08008cf8   0x000000ca   Code   RO         4051    i.udp_sendto_if     udp.o
    0x08008dc2   0x00000002   PAD
    0x08008dc4   0x000000ec   Code   RO         4442    i.update_arp_entry  etharp.o
    0x08008eb0   0x0000005a   Code   RO         4643    x$fpl$dfixu         fz_wm.l(dfixu.o)
    0x08008f0a   0x00000026   Code   RO         4647    x$fpl$dfltu         fz_wm.l(dflt_clz.o)
    0x08008f30   0x00000154   Code   RO         4653    x$fpl$dmul          fz_wm.l(dmul.o)
    0x08009084   0x0000009c   Code   RO         4669    x$fpl$dnaninf       fz_wm.l(dnaninf.o)
    0x08009120   0x0000000c   Code   RO         4671    x$fpl$dretinf       fz_wm.l(dretinf.o)
    0x0800912c   0x0000000a   Code   RO         4762    x$fpl$fpinit        fz_wm.l(fpinit.o)
    0x08009136   0x00000000   Code   RO         4673    x$fpl$usenofp       fz_wm.l(usenofp.o)
    0x08009136   0x00000002   PAD
    0x08009138   0x0000cc70   Data   RO          233    .constdata          fs.o
    0x08015da8   0x00002a20   Data   RO          332    .constdata          httpd.o
    0x080187c8   0x000029f8   Data   RO          534    .constdata          httpd_cgi_ssi.o
    0x0801b1c0   0x000029f0   Data   RO          597    .constdata          main.o
    0x0801dbb0   0x000029f0   Data   RO          635    .constdata          netconf.o
    0x080205a0   0x000029f0   Data   RO          698    .constdata          stm32f4x7_eth_bsp.o
    0x08022f90   0x00000024   Data   RO         3440    .constdata          memp.o
    0x08022fb4   0x00000014   Data   RO         3746    .constdata          tcp.o
    0x08022fc8   0x00000008   Data   RO         4357    .constdata          ip_addr.o
    0x08022fd0   0x0000000c   Data   RO         4444    .constdata          etharp.o
    0x08022fdc   0x0000006a   Data   RO          333    .conststring        httpd.o
    0x08023046   0x00000002   PAD
    0x08023048   0x0000000e   Data   RO          535    .conststring        httpd_cgi_ssi.o
    0x08023056   0x00000002   PAD
    0x08023058   0x00000075   Data   RO         3747    .conststring        tcp.o
    0x080230cd   0x00000003   PAD
    0x080230d0   0x00000020   Data   RO         4825    Region$$Table       anon$$obj.o


    Execution Region RW_IRAM1 (Base: 0x20000000, Size: 0x0000c198, Max: 0x00020000, ABSOLUTE, COMPRESSED[0x000000dc])

    Base Addr    Size         Type   Attr      Idx    E Section Name        Object

    0x20000000   0x00000014   Data   RW            6    .data               system_stm32f4xx.o
    0x20000014   0x00000058   Data   RW          334    .data               httpd.o
    0x2000006c   0x0000004c   Data   RW          536    .data               httpd_cgi_ssi.o
    0x200000b8   0x0000003c   Data   RW          598    .data               main.o
    0x200000f4   0x00000049   Data   RW          636    .data               netconf.o
    0x2000013d   0x00000003   PAD
    0x20000140   0x00000074   Data   RW          699    .data               stm32f4x7_eth_bsp.o
    0x200001b4   0x00000004   Data   RW          738    .data               delay.o
    0x200001b8   0x00000004   Data   RW          809    .data               usart.o
    0x200001bc   0x00000010   Data   RW         1475    .data               stm32f4xx_rcc.o
    0x200001cc   0x00000010   Data   RW         2647    .data               stm32f4x7_eth.o
    0x200001dc   0x00000004   Data   RW         3171    .data               dhcp.o
    0x200001e0   0x0000000d   Data   RW         3399    .data               mem.o
    0x200001ed   0x00000003   PAD
    0x200001f0   0x00000009   Data   RW         3489    .data               netif.o
    0x200001f9   0x00000003   PAD
    0x200001fc   0x00000004   Data   RW         3655    .data               raw.o
    0x20000200   0x0000004c   Data   RW         3748    .data               tcp.o
    0x2000024c   0x00000020   Data   RW         3919    .data               tcp_in.o
    0x2000026c   0x00000004   Data   RW         4052    .data               udp.o
    0x20000270   0x0000000a   Data   RW         4321    .data               ip.o
    0x2000027a   0x00000002   PAD
    0x2000027c   0x00000006   Data   RW         4387    .data               ip_frag.o
    0x20000282   0x00000001   Data   RW         4445    .data               etharp.o
    0x20000283   0x00000001   PAD
    0x20000284   0x000000f0   Zero   RW          232    .bss                fs.o
    0x20000374   0x00000400   Zero   RW          331    .bss                httpd.o
    0x20000774   0x00000038   Zero   RW          634    .bss                netconf.o
    0x200007ac   0x00002484   Zero   RW         2646    .bss                stm32f4x7_eth.o
    0x20002c30   0x00002814   Zero   RW         3398    .bss                mem.o
    0x20005444   0x00002437   Zero   RW         3439    .bss                memp.o
    0x2000787b   0x00000001   PAD
    0x2000787c   0x00000014   Zero   RW         3918    .bss                tcp_in.o
    0x20007890   0x000005e0   Zero   RW         4386    .bss                ip_frag.o
    0x20007e70   0x000000c8   Zero   RW         4443    .bss                etharp.o
    0x20007f38   0x00000060   Zero   RW         4706    .bss                c_w.l(libspace.o)
    0x20007f98   0x00000200   Zero   RW          142    HEAP                startup_stm32f40_41xxx.o
    0x20008198   0x00004000   Zero   RW          141    STACK               startup_stm32f40_41xxx.o


==============================================================================

Image component sizes


      Code (inc. data)   RO Data    RW Data    ZI Data      Debug   Object Name

       542         22          0          0          0       5238   autoip.o
       128         22          0          4          0       1463   delay.o
      3868         70          0          4          0      28574   dhcp.o
      2356         48         12          1        200      13695   etharp.o
       448         42          0          0          0       4758   ethernetif.o
       272         16      52336          0        240       8800   fs.o
      3358        200      10890         88       1024      75686   httpd.o
       480         68      10758         76          0       4695   httpd_cgi_ssi.o
       512          0          0          0          0       3866   icmp.o
        62          0          0          0          0       2304   inet.o
       180          0          0          0          0       5705   inet_chksum.o
         0          0          0          0          0       1939   init.o
       844         30          0         10          0       7304   ip.o
        78          0          8          0          0       5657   ip_addr.o
      1488         40          0          6       1504       8177   ip_frag.o
        52          6      10736         60          0       1391   main.o
       856         68          0         13      10260       5141   mem.o
       176         26         36          0       9271       3914   memp.o
        40          0          0          0          0        686   misc.o
       684        210      10736         73         56      11106   netconf.o
       384         24          0          9          0       8072   netif.o
      1204          0          0          0          0       8117   pbuf.o
       104          4          0          4          0       1672   raw.o
        64         26        392          0      16896       1036   startup_stm32f40_41xxx.o
      2108        166          0         16       9348      16142   stm32f4x7_eth.o
       868        120      10736        116          0      30022   stm32f4x7_eth_bsp.o
       376         24          0          0          0       6655   stm32f4xx_adc.o
       222          0          0          0          0       3667   stm32f4xx_gpio.o
        32          0          0          0          0       4306   stm32f4xx_it.o
       356         40          0         16          0       6256   stm32f4xx_rcc.o
        12          6          0          0          0        726   stm32f4xx_syscfg.o
       288          8          0          0          0       4758   stm32f4xx_usart.o
       340         32          0         20          0     283729   system_stm32f4xx.o
      2792        164        137         76          0      28616   tcp.o
      4800        260          0         32         20      15332   tcp_in.o
      2702         16          0          0          0      11970   tcp_out.o
       968         20          0          4          0      15264   udp.o
       186         14          0          4          0       3481   usart.o

    ----------------------------------------------------------------------
     34292       1792     106816        644      48820     649920   Object Totals
         0          0         32          0          0          0   (incl. Generated)
        62          0          7         12          1          0   (incl. Padding)

    ----------------------------------------------------------------------

      Code (inc. data)   RO Data    RW Data    ZI Data      Debug   Library Member Name

        90          0          0          0          0          0   __dczerorl2.o
         8          0          0          0          0         68   __main.o
       104          0          0          0          0         84   __printf.o
        52          8          0          0          0          0   __scatter.o
        28          0          0          0          0          0   __scatter_zi.o
        44          0          0          0          0        108   _printf_char.o
        48          6          0          0          0         96   _printf_char_common.o
        36          4          0          0          0         80   _printf_char_file.o
         6          0          0          0          0          0   _printf_d.o
       116         16          0          0          0         92   _printf_dec.o
       178          0          0          0          0         88   _printf_intcommon.o
         0          0          0          0          0          0   _printf_percent.o
         4          0          0          0          0          0   _printf_percent_end.o
         6          0          0          0          0          0   _printf_s.o
        82          0          0          0          0         80   _printf_str.o
        10          0          0          0          0         68   _sputc.o
        12          0          0          0          0         72   exit.o
         8          0          0          0          0         68   ferror.o
         6          0          0          0          0        152   heapauxi.o
         2          0          0          0          0          0   libinit.o
         6          0          0          0          0          0   libinit2.o
         2          0          0          0          0          0   libshutdown.o
         2          0          0          0          0          0   libshutdown2.o
         8          4          0          0         96         68   libspace.o
        88          0          0          0          0         76   memcmp.o
        24          4          0          0          0         84   noretval__2printf.o
        40          6          0          0          0         84   noretval__2sprintf.o
        78          0          0          0          0         80   rt_memclr_w.o
       138          0          0          0          0         68   rt_memcpy_v6.o
       100          0          0          0          0         80   rt_memcpy_w.o
         0          0          0          0          0          0   rtentry.o
        12          0          0          0          0          0   rtentry2.o
         6          0          0          0          0          0   rtentry4.o
         2          0          0          0          0          0   rtexit.o
        10          0          0          0          0          0   rtexit2.o
        20          0          0          0          0         68   strchr.o
       128          0          0          0          0         68   strcmpv7m.o
        62          0          0          0          0         76   strlen.o
       150          0          0          0          0         80   strncmp.o
        36          0          0          0          0         80   strstr.o
        74          0          0          0          0         80   sys_stackheap_outer.o
         2          0          0          0          0         68   use_no_semi.o
         2          0          0          0          0         68   use_no_semi_2.o
        90          4          0          0          0        140   dfixu.o
        38          0          0          0          0        116   dflt_clz.o
       340         12          0          0          0        152   dmul.o
       156          4          0          0          0        140   dnaninf.o
        12          0          0          0          0        116   dretinf.o
        10          0          0          0          0        116   fpinit.o
         0          0          0          0          0          0   usenofp.o

    ----------------------------------------------------------------------
      2492         68          0          0         96       2964   Library Totals
        16          0          0          0          0          0   (incl. Padding)

    ----------------------------------------------------------------------

      Code (inc. data)   RO Data    RW Data    ZI Data      Debug   Library Name

      1830         48          0          0         96       2184   c_w.l
       646         20          0          0          0        780   fz_wm.l

    ----------------------------------------------------------------------
      2492         68          0          0         96       2964   Library Totals

    ----------------------------------------------------------------------

==============================================================================


      Code (inc. data)   RO Data    RW Data    ZI Data      Debug   

     36784       1860     106816        644      48916     625388   Grand Totals
     36784       1860     106816        220      48916     625388   ELF Image Totals (compressed)
     36784       1860     106816        220          0          0   ROM Totals

==============================================================================

    Total RO  Size (Code + RO Data)               143600 ( 140.23kB)
    Total RW  Size (RW Data + ZI Data)             49560 (  48.40kB)
    Total ROM Size (Code + RO Data + RW Data)     143820 ( 140.45kB)

==============================================================================

